---------- 新一轮运行 2026-09-23 16:06:37.752 ----------
=== rc003-helper（RC003 增强捕获轨 / 产品化 spike）  2026-09-23 16:06:37.752 ===
[ENV] elevated=true pid=29084 port=47831 runtime_dir=C:\ProgramData\SayAll\rc003-helper target_pid=- gadget_sha256=350beb0e801dc7dc39d21512960d1048b9f21dc72c0ee5ced5cf5d9dc8ea6687 agent_sha256=d7f22eed9504b549ce3ce4f4b0830ab575f5da00e38d18e7d7bf3b5458773b6b
[REG] diag_keys=6 instances_with_hostpid=6 no_host=0 read_failures=0 rc003_instances=1
[HOST] pid=31284 exe=WUDFHost.exe image=C:\Windows\System32\WUDFHost.exe
[EXCLUSIVE] members=1 rc003_members=1 verdict=exclusive_rc003_host
    [RC003] BTHLEDevice\{00001812-0000-1000-8000-00805f9b34fb}_Dev_VID&012717_PID&32b8_REV&00a4_<BT-ADDR>\9&3aacf7b9&1&0055
[GADGET] src=D:\SayAll\src\GetSayAll\remote-mic-app-windows\hardware\RC003\helper\vendor\frida-gadget.dll
[VERIFY] file=D:\SayAll\src\GetSayAll\remote-mic-app-windows\hardware\RC003\helper\vendor\frida-gadget.dll size=23254016 sha256=350beb0e801dc7dc39d21512960d1048b9f21dc72c0ee5ced5cf5d9dc8ea6687 expected=350beb0e801dc7dc39d21512960d1048b9f21dc72c0ee5ced5cf5d9dc8ea6687
[TOKEN] source=generated path=C:\ProgramData\SayAll\rc003-helper\session.token value=0f5aa153684025a756d359c7b5b5583c
[TAP] scan=ok modules=31 resident=0 modules_detail=-
[PREP] dll=C:\ProgramData\SayAll\rc003-helper\frida-gadget.dll action=reuse reason=sha256_matches sha256=350beb0e801dc7dc39d21512960d1048b9f21dc72c0ee5ced5cf5d9dc8ea6687 note=一个字节都没写——被宿主映射着的那份不会被覆盖
[PREP] dir=C:\ProgramData\SayAll\rc003-helper config=C:\ProgramData\SayAll\rc003-helper\frida-gadget.config agent=C:\ProgramData\SayAll\rc003-helper\rc003_agent.js port=47831 mode=observe restore=true lease_ms=2000
[LISTEN] addr=127.0.0.1:47831
[INJECT] pid=31284 dll=C:\ProgramData\SayAll\rc003-helper\frida-gadget.dll wait=0x00000000 hmodule_return=0x59FE0000
[VERIFY-MODULE] module_present=true base=0x7FF959FE0000 gadget_modules_in_host=1 all=frida-gadget.dll base=0x7FF959FE0000 size=23617536
[DLL] dll=C:\ProgramData\SayAll\rc003-helper\frida-gadget.dll reused_existing=true sha256_verified=true copied=false

---------- 新一轮运行 2026-09-23 16:06:38.031 ----------

已武装。现在可以按遥控器：返回 / 音量+ / 音量- 都会以 [EDGE] 上报；
确定 / 主页 / 方向应保持 Windows 原生行为（本 spike 不碰它们）。
每 2 秒会打印一次 [HB] 心跳；Ctrl+C 或直接关掉本窗口结束（会先给 agent 发 disarm；即使来不及，agent 也会在 2000 ms 租约到期后自行停止清键）。本次运行上限 300 秒，到点自动收尾。

[ACCEPT] from=127.0.0.1:50818
[HELLO] auth=true pid=31284 agent=rc003_agent/1 mode=observe restore=true lease_ms=2000
[CONFIG] sent=true arm=true mode=observe restore=true
[AGENT] msg=mode:observe
[AGENT] msg=renew:first
[HB] up=1s lease_ok=true handshake=true disarmed=false renew_age_ms=500 stat={"ioctl_calls":1,"target_hits":0,"clears_ok":0,"clears_fail":0,"restores_ok":0,"kernel_changed":0,"edges_sent":0,"write_fail":0,"discarded":0,"lease_expired":0,"rx_timeouts":0,"auth_rejected":0,"errors":0}
[HB] up=2s lease_ok=true handshake=true disarmed=false renew_age_ms=500 stat={"ioctl_calls":1,"target_hits":0,"clears_ok":0,"clears_fail":0,"restores_ok":0,"kernel_changed":0,"edges_sent":0,"write_fail":0,"discarded":0,"lease_expired":0,"rx_timeouts":0,"auth_rejected":0,"errors":0}
[EDGE] buttons=back raw=t=1790150800063 usages=0x00F1 buttons=back n=1
[EDGE] buttons=(释放) reason= raw=t=1790150800187 usages= buttons= n=0
[EDGE] buttons=volume_up raw=t=1790150800727 usages=0x0080 buttons=volume_up n=1
[EDGE] buttons=(释放) reason= raw=t=1790150800892 usages= buttons= n=0
[HB] up=3s lease_ok=true handshake=true disarmed=false renew_age_ms=501 stat={"ioctl_calls":5,"target_hits":2,"clears_ok":0,"clears_fail":0,"restores_ok":0,"kernel_changed":0,"edges_sent":4,"write_fail":0,"discarded":0,"lease_expired":0,"rx_timeouts":0,"auth_rejected":0,"errors":0}
[EDGE] buttons=volume_down raw=t=1790150801418 usages=0x0081 buttons=volume_down n=1
[EDGE] buttons=(释放) reason= raw=t=1790150801568 usages= buttons= n=0
[HB] up=4s lease_ok=true handshake=true disarmed=false renew_age_ms=500 stat={"ioctl_calls":7,"target_hits":3,"clears_ok":0,"clears_fail":0,"restores_ok":0,"kernel_changed":0,"edges_sent":6,"write_fail":0,"discarded":0,"lease_expired":0,"rx_timeouts":0,"auth_rejected":0,"errors":0}
[RENEW] tick=10 state=ok
[HB] up=5s lease_ok=true handshake=true disarmed=false renew_age_ms=500 stat={"ioctl_calls":7,"target_hits":3,"clears_ok":0,"clears_fail":0,"restores_ok":0,"kernel_changed":0,"edges_sent":6,"write_fail":0,"discarded":0,"lease_expired":0,"rx_timeouts":0,"auth_rejected":0,"errors":0}
[HB] up=6s lease_ok=true handshake=true disarmed=false renew_age_ms=500 stat={"ioctl_calls":7,"target_hits":3,"clears_ok":0,"clears_fail":0,"restores_ok":0,"kernel_changed":0,"edges_sent":6,"write_fail":0,"discarded":0,"lease_expired":0,"rx_timeouts":0,"auth_rejected":0,"errors":0}
[HB] up=7s lease_ok=true handshake=true disarmed=false renew_age_ms=500 stat={"ioctl_calls":7,"target_hits":3,"clears_ok":0,"clears_fail":0,"restores_ok":0,"kernel_changed":0,"edges_sent":6,"write_fail":0,"discarded":0,"lease_expired":0,"rx_timeouts":0,"auth_rejected":0,"errors":0}
[HB] up=8s lease_ok=true handshake=true disarmed=false renew_age_ms=501 stat={"ioctl_calls":7,"target_hits":3,"clears_ok":0,"clears_fail":0,"restores_ok":0,"kernel_changed":0,"edges_sent":6,"write_fail":0,"discarded":0,"lease_expired":0,"rx_timeouts":0,"auth_rejected":0,"errors":0}
[HB] up=9s lease_ok=true handshake=true disarmed=false renew_age_ms=501 stat={"ioctl_calls":7,"target_hits":3,"clears_ok":0,"clears_fail":0,"restores_ok":0,"kernel_changed":0,"edges_sent":6,"write_fail":0,"discarded":0,"lease_expired":0,"rx_timeouts":0,"auth_rejected":0,"errors":0}
[RENEW] tick=20 state=ok
[HB] up=10s lease_ok=true handshake=true disarmed=false renew_age_ms=501 stat={"ioctl_calls":7,"target_hits":3,"clears_ok":0,"clears_fail":0,"restores_ok":0,"kernel_changed":0,"edges_sent":6,"write_fail":0,"discarded":0,"lease_expired":0,"rx_timeouts":0,"auth_rejected":0,"errors":0}
[HB] up=11s lease_ok=true handshake=true disarmed=false renew_age_ms=501 stat={"ioctl_calls":7,"target_hits":3,"clears_ok":0,"clears_fail":0,"restores_ok":0,"kernel_changed":0,"edges_sent":6,"write_fail":0,"discarded":0,"lease_expired":0,"rx_timeouts":0,"auth_rejected":0,"errors":0}
[HB] up=12s lease_ok=true handshake=true disarmed=false renew_age_ms=500 stat={"ioctl_calls":7,"target_hits":3,"clears_ok":0,"clears_fail":0,"restores_ok":0,"kernel_changed":0,"edges_sent":6,"write_fail":0,"discarded":0,"lease_expired":0,"rx_timeouts":0,"auth_rejected":0,"errors":0}
[HB] up=13s lease_ok=true handshake=true disarmed=false renew_age_ms=500 stat={"ioctl_calls":7,"target_hits":3,"clears_ok":0,"clears_fail":0,"restores_ok":0,"kernel_changed":0,"edges_sent":6,"write_fail":0,"discarded":0,"lease_expired":0,"rx_timeouts":0,"auth_rejected":0,"errors":0}
[HB] up=14s lease_ok=true handshake=true disarmed=false renew_age_ms=500 stat={"ioctl_calls":7,"target_hits":3,"clears_ok":0,"clears_fail":0,"restores_ok":0,"kernel_changed":0,"edges_sent":6,"write_fail":0,"discarded":0,"lease_expired":0,"rx_timeouts":0,"auth_rejected":0,"errors":0}
[RENEW] tick=30 state=ok
[HB] up=15s lease_ok=true handshake=true disarmed=false renew_age_ms=500 stat={"ioctl_calls":7,"target_hits":3,"clears_ok":0,"clears_fail":0,"restores_ok":0,"kernel_changed":0,"edges_sent":6,"write_fail":0,"discarded":0,"lease_expired":0,"rx_timeouts":0,"auth_rejected":0,"errors":0}
[HB] up=16s lease_ok=true handshake=true disarmed=false renew_age_ms=501 stat={"ioctl_calls":7,"target_hits":3,"clears_ok":0,"clears_fail":0,"restores_ok":0,"kernel_changed":0,"edges_sent":6,"write_fail":0,"discarded":0,"lease_expired":0,"rx_timeouts":0,"auth_rejected":0,"errors":0}
[HB] up=17s lease_ok=true handshake=true disarmed=false renew_age_ms=501 stat={"ioctl_calls":7,"target_hits":3,"clears_ok":0,"clears_fail":0,"restores_ok":0,"kernel_changed":0,"edges_sent":6,"write_fail":0,"discarded":0,"lease_expired":0,"rx_timeouts":0,"auth_rejected":0,"errors":0}
[HB] up=18s lease_ok=true handshake=true disarmed=false renew_age_ms=501 stat={"ioctl_calls":7,"target_hits":3,"clears_ok":0,"clears_fail":0,"restores_ok":0,"kernel_changed":0,"edges_sent":6,"write_fail":0,"discarded":0,"lease_expired":0,"rx_timeouts":0,"auth_rejected":0,"errors":0}
[HB] up=19s lease_ok=true handshake=true disarmed=false renew_age_ms=501 stat={"ioctl_calls":7,"target_hits":3,"clears_ok":0,"clears_fail":0,"restores_ok":0,"kernel_changed":0,"edges_sent":6,"write_fail":0,"discarded":0,"lease_expired":0,"rx_timeouts":0,"auth_rejected":0,"errors":0}
[RENEW] tick=40 state=ok
[HB] up=20s lease_ok=true handshake=true disarmed=false renew_age_ms=500 stat={"ioctl_calls":7,"target_hits":3,"clears_ok":0,"clears_fail":0,"restores_ok":0,"kernel_changed":0,"edges_sent":6,"write_fail":0,"discarded":0,"lease_expired":0,"rx_timeouts":0,"auth_rejected":0,"errors":0}
[HB] up=21s lease_ok=true handshake=true disarmed=false renew_age_ms=500 stat={"ioctl_calls":7,"target_hits":3,"clears_ok":0,"clears_fail":0,"restores_ok":0,"kernel_changed":0,"edges_sent":6,"write_fail":0,"discarded":0,"lease_expired":0,"rx_timeouts":0,"auth_rejected":0,"errors":0}
[HB] up=22s lease_ok=true handshake=true disarmed=false renew_age_ms=500 stat={"ioctl_calls":7,"target_hits":3,"clears_ok":0,"clears_fail":0,"restores_ok":0,"kernel_changed":0,"edges_sent":6,"write_fail":0,"discarded":0,"lease_expired":0,"rx_timeouts":0,"auth_rejected":0,"errors":0}
[HB] up=23s lease_ok=true handshake=true disarmed=false renew_age_ms=501 stat={"ioctl_calls":7,"target_hits":3,"clears_ok":0,"clears_fail":0,"restores_ok":0,"kernel_changed":0,"edges_sent":6,"write_fail":0,"discarded":0,"lease_expired":0,"rx_timeouts":0,"auth_rejected":0,"errors":0}
[HB] up=24s lease_ok=true handshake=true disarmed=false renew_age_ms=501 stat={"ioctl_calls":7,"target_hits":3,"clears_ok":0,"clears_fail":0,"restores_ok":0,"kernel_changed":0,"edges_sent":6,"write_fail":0,"discarded":0,"lease_expired":0,"rx_timeouts":0,"auth_rejected":0,"errors":0}
[RENEW] tick=50 state=ok
[HB] up=25s lease_ok=true handshake=true disarmed=false renew_age_ms=501 stat={"ioctl_calls":7,"target_hits":3,"clears_ok":0,"clears_fail":0,"restores_ok":0,"kernel_changed":0,"edges_sent":6,"write_fail":0,"discarded":0,"lease_expired":0,"rx_timeouts":0,"auth_rejected":0,"errors":0}
[HB] up=26s lease_ok=true handshake=true disarmed=false renew_age_ms=501 stat={"ioctl_calls":7,"target_hits":3,"clears_ok":0,"clears_fail":0,"restores_ok":0,"kernel_changed":0,"edges_sent":6,"write_fail":0,"discarded":0,"lease_expired":0,"rx_timeouts":0,"auth_rejected":0,"errors":0}
[HB] up=27s lease_ok=true handshake=true disarmed=false renew_age_ms=500 stat={"ioctl_calls":7,"target_hits":3,"clears_ok":0,"clears_fail":0,"restores_ok":0,"kernel_changed":0,"edges_sent":6,"write_fail":0,"discarded":0,"lease_expired":0,"rx_timeouts":0,"auth_rejected":0,"errors":0}
[HB] up=28s lease_ok=true handshake=true disarmed=false renew_age_ms=500 stat={"ioctl_calls":7,"target_hits":3,"clears_ok":0,"clears_fail":0,"restores_ok":0,"kernel_changed":0,"edges_sent":6,"write_fail":0,"discarded":0,"lease_expired":0,"rx_timeouts":0,"auth_rejected":0,"errors":0}
[HB] up=29s lease_ok=true handshake=true disarmed=false renew_age_ms=501 stat={"ioctl_calls":7,"target_hits":3,"clears_ok":0,"clears_fail":0,"restores_ok":0,"kernel_changed":0,"edges_sent":6,"write_fail":0,"discarded":0,"lease_expired":0,"rx_timeouts":0,"auth_rejected":0,"errors":0}
[RENEW] tick=60 state=ok
[HB] up=30s lease_ok=true handshake=true disarmed=false renew_age_ms=501 stat={"ioctl_calls":7,"target_hits":3,"clears_ok":0,"clears_fail":0,"restores_ok":0,"kernel_changed":0,"edges_sent":6,"write_fail":0,"discarded":0,"lease_expired":0,"rx_timeouts":0,"auth_rejected":0,"errors":0}
[HB] up=31s lease_ok=true handshake=true disarmed=false renew_age_ms=501 stat={"ioctl_calls":7,"target_hits":3,"clears_ok":0,"clears_fail":0,"restores_ok":0,"kernel_changed":0,"edges_sent":6,"write_fail":0,"discarded":0,"lease_expired":0,"rx_timeouts":0,"auth_rejected":0,"errors":0}
[HB] up=32s lease_ok=true handshake=true disarmed=false renew_age_ms=501 stat={"ioctl_calls":7,"target_hits":3,"clears_ok":0,"clears_fail":0,"restores_ok":0,"kernel_changed":0,"edges_sent":6,"write_fail":0,"discarded":0,"lease_expired":0,"rx_timeouts":0,"auth_rejected":0,"errors":0}
[HB] up=33s lease_ok=true handshake=true disarmed=false renew_age_ms=501 stat={"ioctl_calls":7,"target_hits":3,"clears_ok":0,"clears_fail":0,"restores_ok":0,"kernel_changed":0,"edges_sent":6,"write_fail":0,"discarded":0,"lease_expired":0,"rx_timeouts":0,"auth_rejected":0,"errors":0}
[HB] up=34s lease_ok=true handshake=true disarmed=false renew_age_ms=501 stat={"ioctl_calls":7,"target_hits":3,"clears_ok":0,"clears_fail":0,"restores_ok":0,"kernel_changed":0,"edges_sent":6,"write_fail":0,"discarded":0,"lease_expired":0,"rx_timeouts":0,"auth_rejected":0,"errors":0}
[RENEW] tick=70 state=ok
[HB] up=35s lease_ok=true handshake=true disarmed=false renew_age_ms=500 stat={"ioctl_calls":7,"target_hits":3,"clears_ok":0,"clears_fail":0,"restores_ok":0,"kernel_changed":0,"edges_sent":6,"write_fail":0,"discarded":0,"lease_expired":0,"rx_timeouts":0,"auth_rejected":0,"errors":0}
[HB] up=36s lease_ok=true handshake=true disarmed=false renew_age_ms=501 stat={"ioctl_calls":7,"target_hits":3,"clears_ok":0,"clears_fail":0,"restores_ok":0,"kernel_changed":0,"edges_sent":6,"write_fail":0,"discarded":0,"lease_expired":0,"rx_timeouts":0,"auth_rejected":0,"errors":0}
[HB] up=37s lease_ok=true handshake=true disarmed=false renew_age_ms=500 stat={"ioctl_calls":7,"target_hits":3,"clears_ok":0,"clears_fail":0,"restores_ok":0,"kernel_changed":0,"edges_sent":6,"write_fail":0,"discarded":0,"lease_expired":0,"rx_timeouts":0,"auth_rejected":0,"errors":0}
[HB] up=38s lease_ok=true handshake=true disarmed=false renew_age_ms=500 stat={"ioctl_calls":7,"target_hits":3,"clears_ok":0,"clears_fail":0,"restores_ok":0,"kernel_changed":0,"edges_sent":6,"write_fail":0,"discarded":0,"lease_expired":0,"rx_timeouts":0,"auth_rejected":0,"errors":0}
[HB] up=39s lease_ok=true handshake=true disarmed=false renew_age_ms=500 stat={"ioctl_calls":7,"target_hits":3,"clears_ok":0,"clears_fail":0,"restores_ok":0,"kernel_changed":0,"edges_sent":6,"write_fail":0,"discarded":0,"lease_expired":0,"rx_timeouts":0,"auth_rejected":0,"errors":0}
[RENEW] tick=80 state=ok
[HB] up=40s lease_ok=true handshake=true disarmed=false renew_age_ms=501 stat={"ioctl_calls":7,"target_hits":3,"clears_ok":0,"clears_fail":0,"restores_ok":0,"kernel_changed":0,"edges_sent":6,"write_fail":0,"discarded":0,"lease_expired":0,"rx_timeouts":0,"auth_rejected":0,"errors":0}
[HB] up=41s lease_ok=true handshake=true disarmed=false renew_age_ms=500 stat={"ioctl_calls":7,"target_hits":3,"clears_ok":0,"clears_fail":0,"restores_ok":0,"kernel_changed":0,"edges_sent":6,"write_fail":0,"discarded":0,"lease_expired":0,"rx_timeouts":0,"auth_rejected":0,"errors":0}
[HB] up=42s lease_ok=true handshake=true disarmed=false renew_age_ms=501 stat={"ioctl_calls":7,"target_hits":3,"clears_ok":0,"clears_fail":0,"restores_ok":0,"kernel_changed":0,"edges_sent":6,"write_fail":0,"discarded":0,"lease_expired":0,"rx_timeouts":0,"auth_rejected":0,"errors":0}
[HB] up=43s lease_ok=true handshake=true disarmed=false renew_age_ms=501 stat={"ioctl_calls":7,"target_hits":3,"clears_ok":0,"clears_fail":0,"restores_ok":0,"kernel_changed":0,"edges_sent":6,"write_fail":0,"discarded":0,"lease_expired":0,"rx_timeouts":0,"auth_rejected":0,"errors":0}
[HB] up=44s lease_ok=true handshake=true disarmed=false renew_age_ms=502 stat={"ioctl_calls":7,"target_hits":3,"clears_ok":0,"clears_fail":0,"restores_ok":0,"kernel_changed":0,"edges_sent":6,"write_fail":0,"discarded":0,"lease_expired":0,"rx_timeouts":0,"auth_rejected":0,"errors":0}
[HB] up=45s lease_ok=true handshake=true disarmed=false renew_age_ms=495 stat={"ioctl_calls":7,"target_hits":3,"clears_ok":0,"clears_fail":0,"restores_ok":0,"kernel_changed":0,"edges_sent":6,"write_fail":0,"discarded":0,"lease_expired":0,"rx_timeouts":0,"auth_rejected":0,"errors":0}
[RENEW] tick=90 state=ok
[HB] up=46s lease_ok=true handshake=true disarmed=false renew_age_ms=497 stat={"ioctl_calls":7,"target_hits":3,"clears_ok":0,"clears_fail":0,"restores_ok":0,"kernel_changed":0,"edges_sent":6,"write_fail":0,"discarded":0,"lease_expired":0,"rx_timeouts":0,"auth_rejected":0,"errors":0}
[HB] up=47s lease_ok=true handshake=true disarmed=false renew_age_ms=501 stat={"ioctl_calls":7,"target_hits":3,"clears_ok":0,"clears_fail":0,"restores_ok":0,"kernel_changed":0,"edges_sent":6,"write_fail":0,"discarded":0,"lease_expired":0,"rx_timeouts":0,"auth_rejected":0,"errors":0}
[HB] up=48s lease_ok=true handshake=true disarmed=false renew_age_ms=501 stat={"ioctl_calls":7,"target_hits":3,"clears_ok":0,"clears_fail":0,"restores_ok":0,"kernel_changed":0,"edges_sent":6,"write_fail":0,"discarded":0,"lease_expired":0,"rx_timeouts":0,"auth_rejected":0,"errors":0}
[HB] up=49s lease_ok=true handshake=true disarmed=false renew_age_ms=500 stat={"ioctl_calls":7,"target_hits":3,"clears_ok":0,"clears_fail":0,"restores_ok":0,"kernel_changed":0,"edges_sent":6,"write_fail":0,"discarded":0,"lease_expired":0,"rx_timeouts":0,"auth_rejected":0,"errors":0}
[RENEW] tick=100 state=ok
[HB] up=50s lease_ok=true handshake=true disarmed=false renew_age_ms=501 stat={"ioctl_calls":7,"target_hits":3,"clears_ok":0,"clears_fail":0,"restores_ok":0,"kernel_changed":0,"edges_sent":6,"write_fail":0,"discarded":0,"lease_expired":0,"rx_timeouts":0,"auth_rejected":0,"errors":0}
[HB] up=51s lease_ok=true handshake=true disarmed=false renew_age_ms=501 stat={"ioctl_calls":7,"target_hits":3,"clears_ok":0,"clears_fail":0,"restores_ok":0,"kernel_changed":0,"edges_sent":6,"write_fail":0,"discarded":0,"lease_expired":0,"rx_timeouts":0,"auth_rejected":0,"errors":0}
[HB] up=52s lease_ok=true handshake=true disarmed=false renew_age_ms=501 stat={"ioctl_calls":7,"target_hits":3,"clears_ok":0,"clears_fail":0,"restores_ok":0,"kernel_changed":0,"edges_sent":6,"write_fail":0,"discarded":0,"lease_expired":0,"rx_timeouts":0,"auth_rejected":0,"errors":0}
[HB] up=53s lease_ok=true handshake=true disarmed=false renew_age_ms=500 stat={"ioctl_calls":7,"target_hits":3,"clears_ok":0,"clears_fail":0,"restores_ok":0,"kernel_changed":0,"edges_sent":6,"write_fail":0,"discarded":0,"lease_expired":0,"rx_timeouts":0,"auth_rejected":0,"errors":0}
[HB] up=54s lease_ok=true handshake=true disarmed=false renew_age_ms=500 stat={"ioctl_calls":7,"target_hits":3,"clears_ok":0,"clears_fail":0,"restores_ok":0,"kernel_changed":0,"edges_sent":6,"write_fail":0,"discarded":0,"lease_expired":0,"rx_timeouts":0,"auth_rejected":0,"errors":0}
[RENEW] tick=110 state=ok
[HB] up=55s lease_ok=true handshake=true disarmed=false renew_age_ms=501 stat={"ioctl_calls":7,"target_hits":3,"clears_ok":0,"clears_fail":0,"restores_ok":0,"kernel_changed":0,"edges_sent":6,"write_fail":0,"discarded":0,"lease_expired":0,"rx_timeouts":0,"auth_rejected":0,"errors":0}
[HB] up=56s lease_ok=true handshake=true disarmed=false renew_age_ms=501 stat={"ioctl_calls":7,"target_hits":3,"clears_ok":0,"clears_fail":0,"restores_ok":0,"kernel_changed":0,"edges_sent":6,"write_fail":0,"discarded":0,"lease_expired":0,"rx_timeouts":0,"auth_rejected":0,"errors":0}
[HB] up=57s lease_ok=true handshake=true disarmed=false renew_age_ms=500 stat={"ioctl_calls":7,"target_hits":3,"clears_ok":0,"clears_fail":0,"restores_ok":0,"kernel_changed":0,"edges_sent":6,"write_fail":0,"discarded":0,"lease_expired":0,"rx_timeouts":0,"auth_rejected":0,"errors":0}
[HB] up=58s lease_ok=true handshake=true disarmed=false renew_age_ms=501 stat={"ioctl_calls":7,"target_hits":3,"clears_ok":0,"clears_fail":0,"restores_ok":0,"kernel_changed":0,"edges_sent":6,"write_fail":0,"discarded":0,"lease_expired":0,"rx_timeouts":0,"auth_rejected":0,"errors":0}
[HB] up=59s lease_ok=true handshake=true disarmed=false renew_age_ms=500 stat={"ioctl_calls":7,"target_hits":3,"clears_ok":0,"clears_fail":0,"restores_ok":0,"kernel_changed":0,"edges_sent":6,"write_fail":0,"discarded":0,"lease_expired":0,"rx_timeouts":0,"auth_rejected":0,"errors":0}
[RENEW] tick=120 state=ok
[HB] up=60s lease_ok=true handshake=true disarmed=false renew_age_ms=500 stat={"ioctl_calls":7,"target_hits":3,"clears_ok":0,"clears_fail":0,"restores_ok":0,"kernel_changed":0,"edges_sent":6,"write_fail":0,"discarded":0,"lease_expired":0,"rx_timeouts":0,"auth_rejected":0,"errors":0}
[HB] up=61s lease_ok=true handshake=true disarmed=false renew_age_ms=501 stat={"ioctl_calls":7,"target_hits":3,"clears_ok":0,"clears_fail":0,"restores_ok":0,"kernel_changed":0,"edges_sent":6,"write_fail":0,"discarded":0,"lease_expired":0,"rx_timeouts":0,"auth_rejected":0,"errors":0}
[HB] up=62s lease_ok=true handshake=true disarmed=false renew_age_ms=501 stat={"ioctl_calls":7,"target_hits":3,"clears_ok":0,"clears_fail":0,"restores_ok":0,"kernel_changed":0,"edges_sent":6,"write_fail":0,"discarded":0,"lease_expired":0,"rx_timeouts":0,"auth_rejected":0,"errors":0}
[HB] up=63s lease_ok=true handshake=true disarmed=false renew_age_ms=500 stat={"ioctl_calls":7,"target_hits":3,"clears_ok":0,"clears_fail":0,"restores_ok":0,"kernel_changed":0,"edges_sent":6,"write_fail":0,"discarded":0,"lease_expired":0,"rx_timeouts":0,"auth_rejected":0,"errors":0}
[HB] up=64s lease_ok=true handshake=true disarmed=false renew_age_ms=500 stat={"ioctl_calls":7,"target_hits":3,"clears_ok":0,"clears_fail":0,"restores_ok":0,"kernel_changed":0,"edges_sent":6,"write_fail":0,"discarded":0,"lease_expired":0,"rx_timeouts":0,"auth_rejected":0,"errors":0}
[RENEW] tick=130 state=ok
[HB] up=65s lease_ok=true handshake=true disarmed=false renew_age_ms=500 stat={"ioctl_calls":7,"target_hits":3,"clears_ok":0,"clears_fail":0,"restores_ok":0,"kernel_changed":0,"edges_sent":6,"write_fail":0,"discarded":0,"lease_expired":0,"rx_timeouts":0,"auth_rejected":0,"errors":0}
[HB] up=66s lease_ok=true handshake=true disarmed=false renew_age_ms=500 stat={"ioctl_calls":7,"target_hits":3,"clears_ok":0,"clears_fail":0,"restores_ok":0,"kernel_changed":0,"edges_sent":6,"write_fail":0,"discarded":0,"lease_expired":0,"rx_timeouts":0,"auth_rejected":0,"errors":0}
[HB] up=67s lease_ok=true handshake=true disarmed=false renew_age_ms=501 stat={"ioctl_calls":7,"target_hits":3,"clears_ok":0,"clears_fail":0,"restores_ok":0,"kernel_changed":0,"edges_sent":6,"write_fail":0,"discarded":0,"lease_expired":0,"rx_timeouts":0,"auth_rejected":0,"errors":0}
[HB] up=68s lease_ok=true handshake=true disarmed=false renew_age_ms=500 stat={"ioctl_calls":7,"target_hits":3,"clears_ok":0,"clears_fail":0,"restores_ok":0,"kernel_changed":0,"edges_sent":6,"write_fail":0,"discarded":0,"lease_expired":0,"rx_timeouts":0,"auth_rejected":0,"errors":0}
[HB] up=69s lease_ok=true handshake=true disarmed=false renew_age_ms=501 stat={"ioctl_calls":7,"target_hits":3,"clears_ok":0,"clears_fail":0,"restores_ok":0,"kernel_changed":0,"edges_sent":6,"write_fail":0,"discarded":0,"lease_expired":0,"rx_timeouts":0,"auth_rejected":0,"errors":0}
[RENEW] tick=140 state=ok
[HB] up=70s lease_ok=true handshake=true disarmed=false renew_age_ms=501 stat={"ioctl_calls":7,"target_hits":3,"clears_ok":0,"clears_fail":0,"restores_ok":0,"kernel_changed":0,"edges_sent":6,"write_fail":0,"discarded":0,"lease_expired":0,"rx_timeouts":0,"auth_rejected":0,"errors":0}
[HB] up=71s lease_ok=true handshake=true disarmed=false renew_age_ms=500 stat={"ioctl_calls":7,"target_hits":3,"clears_ok":0,"clears_fail":0,"restores_ok":0,"kernel_changed":0,"edges_sent":6,"write_fail":0,"discarded":0,"lease_expired":0,"rx_timeouts":0,"auth_rejected":0,"errors":0}
[HB] up=72s lease_ok=true handshake=true disarmed=false renew_age_ms=500 stat={"ioctl_calls":7,"target_hits":3,"clears_ok":0,"clears_fail":0,"restores_ok":0,"kernel_changed":0,"edges_sent":6,"write_fail":0,"discarded":0,"lease_expired":0,"rx_timeouts":0,"auth_rejected":0,"errors":0}
[HB] up=73s lease_ok=true handshake=true disarmed=false renew_age_ms=500 stat={"ioctl_calls":7,"target_hits":3,"clears_ok":0,"clears_fail":0,"restores_ok":0,"kernel_changed":0,"edges_sent":6,"write_fail":0,"discarded":0,"lease_expired":0,"rx_timeouts":0,"auth_rejected":0,"errors":0}
[HB] up=74s lease_ok=true handshake=true disarmed=false renew_age_ms=501 stat={"ioctl_calls":7,"target_hits":3,"clears_ok":0,"clears_fail":0,"restores_ok":0,"kernel_changed":0,"edges_sent":6,"write_fail":0,"discarded":0,"lease_expired":0,"rx_timeouts":0,"auth_rejected":0,"errors":0}
[RENEW] tick=150 state=ok
[HB] up=75s lease_ok=true handshake=true disarmed=false renew_age_ms=500 stat={"ioctl_calls":7,"target_hits":3,"clears_ok":0,"clears_fail":0,"restores_ok":0,"kernel_changed":0,"edges_sent":6,"write_fail":0,"discarded":0,"lease_expired":0,"rx_timeouts":0,"auth_rejected":0,"errors":0}
[HB] up=76s lease_ok=true handshake=true disarmed=false renew_age_ms=501 stat={"ioctl_calls":7,"target_hits":3,"clears_ok":0,"clears_fail":0,"restores_ok":0,"kernel_changed":0,"edges_sent":6,"write_fail":0,"discarded":0,"lease_expired":0,"rx_timeouts":0,"auth_rejected":0,"errors":0}
[HB] up=77s lease_ok=true handshake=true disarmed=false renew_age_ms=500 stat={"ioctl_calls":7,"target_hits":3,"clears_ok":0,"clears_fail":0,"restores_ok":0,"kernel_changed":0,"edges_sent":6,"write_fail":0,"discarded":0,"lease_expired":0,"rx_timeouts":0,"auth_rejected":0,"errors":0}
[HB] up=78s lease_ok=true handshake=true disarmed=false renew_age_ms=501 stat={"ioctl_calls":7,"target_hits":3,"clears_ok":0,"clears_fail":0,"restores_ok":0,"kernel_changed":0,"edges_sent":6,"write_fail":0,"discarded":0,"lease_expired":0,"rx_timeouts":0,"auth_rejected":0,"errors":0}
[HB] up=79s lease_ok=true handshake=true disarmed=false renew_age_ms=500 stat={"ioctl_calls":7,"target_hits":3,"clears_ok":0,"clears_fail":0,"restores_ok":0,"kernel_changed":0,"edges_sent":6,"write_fail":0,"discarded":0,"lease_expired":0,"rx_timeouts":0,"auth_rejected":0,"errors":0}
[RENEW] tick=160 state=ok
[HB] up=80s lease_ok=true handshake=true disarmed=false renew_age_ms=501 stat={"ioctl_calls":7,"target_hits":3,"clears_ok":0,"clears_fail":0,"restores_ok":0,"kernel_changed":0,"edges_sent":6,"write_fail":0,"discarded":0,"lease_expired":0,"rx_timeouts":0,"auth_rejected":0,"errors":0}
[HB] up=81s lease_ok=true handshake=true disarmed=false renew_age_ms=500 stat={"ioctl_calls":7,"target_hits":3,"clears_ok":0,"clears_fail":0,"restores_ok":0,"kernel_changed":0,"edges_sent":6,"write_fail":0,"discarded":0,"lease_expired":0,"rx_timeouts":0,"auth_rejected":0,"errors":0}
[HB] up=82s lease_ok=true handshake=true disarmed=false renew_age_ms=501 stat={"ioctl_calls":7,"target_hits":3,"clears_ok":0,"clears_fail":0,"restores_ok":0,"kernel_changed":0,"edges_sent":6,"write_fail":0,"discarded":0,"lease_expired":0,"rx_timeouts":0,"auth_rejected":0,"errors":0}
[HB] up=83s lease_ok=true handshake=true disarmed=false renew_age_ms=501 stat={"ioctl_calls":7,"target_hits":3,"clears_ok":0,"clears_fail":0,"restores_ok":0,"kernel_changed":0,"edges_sent":6,"write_fail":0,"discarded":0,"lease_expired":0,"rx_timeouts":0,"auth_rejected":0,"errors":0}
[HB] up=84s lease_ok=true handshake=true disarmed=false renew_age_ms=500 stat={"ioctl_calls":7,"target_hits":3,"clears_ok":0,"clears_fail":0,"restores_ok":0,"kernel_changed":0,"edges_sent":6,"write_fail":0,"discarded":0,"lease_expired":0,"rx_timeouts":0,"auth_rejected":0,"errors":0}
[RENEW] tick=170 state=ok
[HB] up=85s lease_ok=true handshake=true disarmed=false renew_age_ms=500 stat={"ioctl_calls":7,"target_hits":3,"clears_ok":0,"clears_fail":0,"restores_ok":0,"kernel_changed":0,"edges_sent":6,"write_fail":0,"discarded":0,"lease_expired":0,"rx_timeouts":0,"auth_rejected":0,"errors":0}
[HB] up=86s lease_ok=true handshake=true disarmed=false renew_age_ms=501 stat={"ioctl_calls":7,"target_hits":3,"clears_ok":0,"clears_fail":0,"restores_ok":0,"kernel_changed":0,"edges_sent":6,"write_fail":0,"discarded":0,"lease_expired":0,"rx_timeouts":0,"auth_rejected":0,"errors":0}
[HB] up=87s lease_ok=true handshake=true disarmed=false renew_age_ms=501 stat={"ioctl_calls":7,"target_hits":3,"clears_ok":0,"clears_fail":0,"restores_ok":0,"kernel_changed":0,"edges_sent":6,"write_fail":0,"discarded":0,"lease_expired":0,"rx_timeouts":0,"auth_rejected":0,"errors":0}
[HB] up=88s lease_ok=true handshake=true disarmed=false renew_age_ms=500 stat={"ioctl_calls":7,"target_hits":3,"clears_ok":0,"clears_fail":0,"restores_ok":0,"kernel_changed":0,"edges_sent":6,"write_fail":0,"discarded":0,"lease_expired":0,"rx_timeouts":0,"auth_rejected":0,"errors":0}
[HB] up=89s lease_ok=true handshake=true disarmed=false renew_age_ms=501 stat={"ioctl_calls":7,"target_hits":3,"clears_ok":0,"clears_fail":0,"restores_ok":0,"kernel_changed":0,"edges_sent":6,"write_fail":0,"discarded":0,"lease_expired":0,"rx_timeouts":0,"auth_rejected":0,"errors":0}
[RENEW] tick=180 state=ok
[HB] up=90s lease_ok=true handshake=true disarmed=false renew_age_ms=500 stat={"ioctl_calls":7,"target_hits":3,"clears_ok":0,"clears_fail":0,"restores_ok":0,"kernel_changed":0,"edges_sent":6,"write_fail":0,"discarded":0,"lease_expired":0,"rx_timeouts":0,"auth_rejected":0,"errors":0}
[HB] up=91s lease_ok=true handshake=true disarmed=false renew_age_ms=501 stat={"ioctl_calls":7,"target_hits":3,"clears_ok":0,"clears_fail":0,"restores_ok":0,"kernel_changed":0,"edges_sent":6,"write_fail":0,"discarded":0,"lease_expired":0,"rx_timeouts":0,"auth_rejected":0,"errors":0}
[HB] up=92s lease_ok=true handshake=true disarmed=false renew_age_ms=501 stat={"ioctl_calls":7,"target_hits":3,"clears_ok":0,"clears_fail":0,"restores_ok":0,"kernel_changed":0,"edges_sent":6,"write_fail":0,"discarded":0,"lease_expired":0,"rx_timeouts":0,"auth_rejected":0,"errors":0}
[HB] up=93s lease_ok=true handshake=true disarmed=false renew_age_ms=500 stat={"ioctl_calls":7,"target_hits":3,"clears_ok":0,"clears_fail":0,"restores_ok":0,"kernel_changed":0,"edges_sent":6,"write_fail":0,"discarded":0,"lease_expired":0,"rx_timeouts":0,"auth_rejected":0,"errors":0}
[HB] up=94s lease_ok=true handshake=true disarmed=false renew_age_ms=500 stat={"ioctl_calls":7,"target_hits":3,"clears_ok":0,"clears_fail":0,"restores_ok":0,"kernel_changed":0,"edges_sent":6,"write_fail":0,"discarded":0,"lease_expired":0,"rx_timeouts":0,"auth_rejected":0,"errors":0}
[RENEW] tick=190 state=ok
[HB] up=95s lease_ok=true handshake=true disarmed=false renew_age_ms=501 stat={"ioctl_calls":7,"target_hits":3,"clears_ok":0,"clears_fail":0,"restores_ok":0,"kernel_changed":0,"edges_sent":6,"write_fail":0,"discarded":0,"lease_expired":0,"rx_timeouts":0,"auth_rejected":0,"errors":0}
[HB] up=96s lease_ok=true handshake=true disarmed=false renew_age_ms=501 stat={"ioctl_calls":7,"target_hits":3,"clears_ok":0,"clears_fail":0,"restores_ok":0,"kernel_changed":0,"edges_sent":6,"write_fail":0,"discarded":0,"lease_expired":0,"rx_timeouts":0,"auth_rejected":0,"errors":0}
[HB] up=97s lease_ok=true handshake=true disarmed=false renew_age_ms=501 stat={"ioctl_calls":7,"target_hits":3,"clears_ok":0,"clears_fail":0,"restores_ok":0,"kernel_changed":0,"edges_sent":6,"write_fail":0,"discarded":0,"lease_expired":0,"rx_timeouts":0,"auth_rejected":0,"errors":0}
[HB] up=98s lease_ok=true handshake=true disarmed=false renew_age_ms=500 stat={"ioctl_calls":7,"target_hits":3,"clears_ok":0,"clears_fail":0,"restores_ok":0,"kernel_changed":0,"edges_sent":6,"write_fail":0,"discarded":0,"lease_expired":0,"rx_timeouts":0,"auth_rejected":0,"errors":0}
[HB] up=99s lease_ok=true handshake=true disarmed=false renew_age_ms=501 stat={"ioctl_calls":7,"target_hits":3,"clears_ok":0,"clears_fail":0,"restores_ok":0,"kernel_changed":0,"edges_sent":6,"write_fail":0,"discarded":0,"lease_expired":0,"rx_timeouts":0,"auth_rejected":0,"errors":0}
[RENEW] tick=200 state=ok
[HB] up=100s lease_ok=true handshake=true disarmed=false renew_age_ms=501 stat={"ioctl_calls":7,"target_hits":3,"clears_ok":0,"clears_fail":0,"restores_ok":0,"kernel_changed":0,"edges_sent":6,"write_fail":0,"discarded":0,"lease_expired":0,"rx_timeouts":0,"auth_rejected":0,"errors":0}
[HB] up=101s lease_ok=true handshake=true disarmed=false renew_age_ms=500 stat={"ioctl_calls":7,"target_hits":3,"clears_ok":0,"clears_fail":0,"restores_ok":0,"kernel_changed":0,"edges_sent":6,"write_fail":0,"discarded":0,"lease_expired":0,"rx_timeouts":0,"auth_rejected":0,"errors":0}
[HB] up=102s lease_ok=true handshake=true disarmed=false renew_age_ms=501 stat={"ioctl_calls":7,"target_hits":3,"clears_ok":0,"clears_fail":0,"restores_ok":0,"kernel_changed":0,"edges_sent":6,"write_fail":0,"discarded":0,"lease_expired":0,"rx_timeouts":0,"auth_rejected":0,"errors":0}
[HB] up=103s lease_ok=true handshake=true disarmed=false renew_age_ms=500 stat={"ioctl_calls":7,"target_hits":3,"clears_ok":0,"clears_fail":0,"restores_ok":0,"kernel_changed":0,"edges_sent":6,"write_fail":0,"discarded":0,"lease_expired":0,"rx_timeouts":0,"auth_rejected":0,"errors":0}
[HB] up=104s lease_ok=true handshake=true disarmed=false renew_age_ms=501 stat={"ioctl_calls":7,"target_hits":3,"clears_ok":0,"clears_fail":0,"restores_ok":0,"kernel_changed":0,"edges_sent":6,"write_fail":0,"discarded":0,"lease_expired":0,"rx_timeouts":0,"auth_rejected":0,"errors":0}
[RENEW] tick=210 state=ok
[HB] up=105s lease_ok=true handshake=true disarmed=false renew_age_ms=500 stat={"ioctl_calls":7,"target_hits":3,"clears_ok":0,"clears_fail":0,"restores_ok":0,"kernel_changed":0,"edges_sent":6,"write_fail":0,"discarded":0,"lease_expired":0,"rx_timeouts":0,"auth_rejected":0,"errors":0}
[HB] up=106s lease_ok=true handshake=true disarmed=false renew_age_ms=501 stat={"ioctl_calls":7,"target_hits":3,"clears_ok":0,"clears_fail":0,"restores_ok":0,"kernel_changed":0,"edges_sent":6,"write_fail":0,"discarded":0,"lease_expired":0,"rx_timeouts":0,"auth_rejected":0,"errors":0}
[HB] up=107s lease_ok=true handshake=true disarmed=false renew_age_ms=500 stat={"ioctl_calls":7,"target_hits":3,"clears_ok":0,"clears_fail":0,"restores_ok":0,"kernel_changed":0,"edges_sent":6,"write_fail":0,"discarded":0,"lease_expired":0,"rx_timeouts":0,"auth_rejected":0,"errors":0}
[HB] up=108s lease_ok=true handshake=true disarmed=false renew_age_ms=501 stat={"ioctl_calls":7,"target_hits":3,"clears_ok":0,"clears_fail":0,"restores_ok":0,"kernel_changed":0,"edges_sent":6,"write_fail":0,"discarded":0,"lease_expired":0,"rx_timeouts":0,"auth_rejected":0,"errors":0}
[HB] up=109s lease_ok=true handshake=true disarmed=false renew_age_ms=501 stat={"ioctl_calls":7,"target_hits":3,"clears_ok":0,"clears_fail":0,"restores_ok":0,"kernel_changed":0,"edges_sent":6,"write_fail":0,"discarded":0,"lease_expired":0,"rx_timeouts":0,"auth_rejected":0,"errors":0}
[RENEW] tick=220 state=ok
[HB] up=110s lease_ok=true handshake=true disarmed=false renew_age_ms=501 stat={"ioctl_calls":7,"target_hits":3,"clears_ok":0,"clears_fail":0,"restores_ok":0,"kernel_changed":0,"edges_sent":6,"write_fail":0,"discarded":0,"lease_expired":0,"rx_timeouts":0,"auth_rejected":0,"errors":0}
[HB] up=111s lease_ok=true handshake=true disarmed=false renew_age_ms=501 stat={"ioctl_calls":7,"target_hits":3,"clears_ok":0,"clears_fail":0,"restores_ok":0,"kernel_changed":0,"edges_sent":6,"write_fail":0,"discarded":0,"lease_expired":0,"rx_timeouts":0,"auth_rejected":0,"errors":0}
[HB] up=112s lease_ok=true handshake=true disarmed=false renew_age_ms=501 stat={"ioctl_calls":7,"target_hits":3,"clears_ok":0,"clears_fail":0,"restores_ok":0,"kernel_changed":0,"edges_sent":6,"write_fail":0,"discarded":0,"lease_expired":0,"rx_timeouts":0,"auth_rejected":0,"errors":0}
[HB] up=113s lease_ok=true handshake=true disarmed=false renew_age_ms=500 stat={"ioctl_calls":7,"target_hits":3,"clears_ok":0,"clears_fail":0,"restores_ok":0,"kernel_changed":0,"edges_sent":6,"write_fail":0,"discarded":0,"lease_expired":0,"rx_timeouts":0,"auth_rejected":0,"errors":0}
[HB] up=114s lease_ok=true handshake=true disarmed=false renew_age_ms=500 stat={"ioctl_calls":7,"target_hits":3,"clears_ok":0,"clears_fail":0,"restores_ok":0,"kernel_changed":0,"edges_sent":6,"write_fail":0,"discarded":0,"lease_expired":0,"rx_timeouts":0,"auth_rejected":0,"errors":0}
[RENEW] tick=230 state=ok
[HB] up=115s lease_ok=true handshake=true disarmed=false renew_age_ms=500 stat={"ioctl_calls":7,"target_hits":3,"clears_ok":0,"clears_fail":0,"restores_ok":0,"kernel_changed":0,"edges_sent":6,"write_fail":0,"discarded":0,"lease_expired":0,"rx_timeouts":0,"auth_rejected":0,"errors":0}
[HB] up=116s lease_ok=true handshake=true disarmed=false renew_age_ms=500 stat={"ioctl_calls":7,"target_hits":3,"clears_ok":0,"clears_fail":0,"restores_ok":0,"kernel_changed":0,"edges_sent":6,"write_fail":0,"discarded":0,"lease_expired":0,"rx_timeouts":0,"auth_rejected":0,"errors":0}
[HB] up=117s lease_ok=true handshake=true disarmed=false renew_age_ms=499 stat={"ioctl_calls":7,"target_hits":3,"clears_ok":0,"clears_fail":0,"restores_ok":0,"kernel_changed":0,"edges_sent":6,"write_fail":0,"discarded":0,"lease_expired":0,"rx_timeouts":0,"auth_rejected":0,"errors":0}
[HB] up=118s lease_ok=true handshake=true disarmed=false renew_age_ms=501 stat={"ioctl_calls":7,"target_hits":3,"clears_ok":0,"clears_fail":0,"restores_ok":0,"kernel_changed":0,"edges_sent":6,"write_fail":0,"discarded":0,"lease_expired":0,"rx_timeouts":0,"auth_rejected":0,"errors":0}
[HB] up=119s lease_ok=true handshake=true disarmed=false renew_age_ms=500 stat={"ioctl_calls":7,"target_hits":3,"clears_ok":0,"clears_fail":0,"restores_ok":0,"kernel_changed":0,"edges_sent":6,"write_fail":0,"discarded":0,"lease_expired":0,"rx_timeouts":0,"auth_rejected":0,"errors":0}
[RENEW] tick=240 state=ok
[HB] up=120s lease_ok=true handshake=true disarmed=false renew_age_ms=501 stat={"ioctl_calls":7,"target_hits":3,"clears_ok":0,"clears_fail":0,"restores_ok":0,"kernel_changed":0,"edges_sent":6,"write_fail":0,"discarded":0,"lease_expired":0,"rx_timeouts":0,"auth_rejected":0,"errors":0}
[HB] up=121s lease_ok=true handshake=true disarmed=false renew_age_ms=501 stat={"ioctl_calls":7,"target_hits":3,"clears_ok":0,"clears_fail":0,"restores_ok":0,"kernel_changed":0,"edges_sent":6,"write_fail":0,"discarded":0,"lease_expired":0,"rx_timeouts":0,"auth_rejected":0,"errors":0}
[HB] up=122s lease_ok=true handshake=true disarmed=false renew_age_ms=500 stat={"ioctl_calls":7,"target_hits":3,"clears_ok":0,"clears_fail":0,"restores_ok":0,"kernel_changed":0,"edges_sent":6,"write_fail":0,"discarded":0,"lease_expired":0,"rx_timeouts":0,"auth_rejected":0,"errors":0}
[HB] up=123s lease_ok=true handshake=true disarmed=false renew_age_ms=500 stat={"ioctl_calls":7,"target_hits":3,"clears_ok":0,"clears_fail":0,"restores_ok":0,"kernel_changed":0,"edges_sent":6,"write_fail":0,"discarded":0,"lease_expired":0,"rx_timeouts":0,"auth_rejected":0,"errors":0}
[HB] up=124s lease_ok=true handshake=true disarmed=false renew_age_ms=500 stat={"ioctl_calls":7,"target_hits":3,"clears_ok":0,"clears_fail":0,"restores_ok":0,"kernel_changed":0,"edges_sent":6,"write_fail":0,"discarded":0,"lease_expired":0,"rx_timeouts":0,"auth_rejected":0,"errors":0}
[RENEW] tick=250 state=ok
[HB] up=125s lease_ok=true handshake=true disarmed=false renew_age_ms=501 stat={"ioctl_calls":7,"target_hits":3,"clears_ok":0,"clears_fail":0,"restores_ok":0,"kernel_changed":0,"edges_sent":6,"write_fail":0,"discarded":0,"lease_expired":0,"rx_timeouts":0,"auth_rejected":0,"errors":0}
[HB] up=126s lease_ok=true handshake=true disarmed=false renew_age_ms=501 stat={"ioctl_calls":7,"target_hits":3,"clears_ok":0,"clears_fail":0,"restores_ok":0,"kernel_changed":0,"edges_sent":6,"write_fail":0,"discarded":0,"lease_expired":0,"rx_timeouts":0,"auth_rejected":0,"errors":0}
[HB] up=127s lease_ok=true handshake=true disarmed=false renew_age_ms=501 stat={"ioctl_calls":7,"target_hits":3,"clears_ok":0,"clears_fail":0,"restores_ok":0,"kernel_changed":0,"edges_sent":6,"write_fail":0,"discarded":0,"lease_expired":0,"rx_timeouts":0,"auth_rejected":0,"errors":0}
[HB] up=128s lease_ok=true handshake=true disarmed=false renew_age_ms=500 stat={"ioctl_calls":7,"target_hits":3,"clears_ok":0,"clears_fail":0,"restores_ok":0,"kernel_changed":0,"edges_sent":6,"write_fail":0,"discarded":0,"lease_expired":0,"rx_timeouts":0,"auth_rejected":0,"errors":0}
[HB] up=129s lease_ok=true handshake=true disarmed=false renew_age_ms=501 stat={"ioctl_calls":7,"target_hits":3,"clears_ok":0,"clears_fail":0,"restores_ok":0,"kernel_changed":0,"edges_sent":6,"write_fail":0,"discarded":0,"lease_expired":0,"rx_timeouts":0,"auth_rejected":0,"errors":0}
[RENEW] tick=260 state=ok
[HB] up=130s lease_ok=true handshake=true disarmed=false renew_age_ms=501 stat={"ioctl_calls":7,"target_hits":3,"clears_ok":0,"clears_fail":0,"restores_ok":0,"kernel_changed":0,"edges_sent":6,"write_fail":0,"discarded":0,"lease_expired":0,"rx_timeouts":0,"auth_rejected":0,"errors":0}
[HB] up=131s lease_ok=true handshake=true disarmed=false renew_age_ms=501 stat={"ioctl_calls":7,"target_hits":3,"clears_ok":0,"clears_fail":0,"restores_ok":0,"kernel_changed":0,"edges_sent":6,"write_fail":0,"discarded":0,"lease_expired":0,"rx_timeouts":0,"auth_rejected":0,"errors":0}
[HB] up=132s lease_ok=true handshake=true disarmed=false renew_age_ms=501 stat={"ioctl_calls":7,"target_hits":3,"clears_ok":0,"clears_fail":0,"restores_ok":0,"kernel_changed":0,"edges_sent":6,"write_fail":0,"discarded":0,"lease_expired":0,"rx_timeouts":0,"auth_rejected":0,"errors":0}
[HB] up=133s lease_ok=true handshake=true disarmed=false renew_age_ms=501 stat={"ioctl_calls":7,"target_hits":3,"clears_ok":0,"clears_fail":0,"restores_ok":0,"kernel_changed":0,"edges_sent":6,"write_fail":0,"discarded":0,"lease_expired":0,"rx_timeouts":0,"auth_rejected":0,"errors":0}
[HB] up=134s lease_ok=true handshake=true disarmed=false renew_age_ms=500 stat={"ioctl_calls":7,"target_hits":3,"clears_ok":0,"clears_fail":0,"restores_ok":0,"kernel_changed":0,"edges_sent":6,"write_fail":0,"discarded":0,"lease_expired":0,"rx_timeouts":0,"auth_rejected":0,"errors":0}
[RENEW] tick=270 state=ok
[HB] up=135s lease_ok=true handshake=true disarmed=false renew_age_ms=501 stat={"ioctl_calls":7,"target_hits":3,"clears_ok":0,"clears_fail":0,"restores_ok":0,"kernel_changed":0,"edges_sent":6,"write_fail":0,"discarded":0,"lease_expired":0,"rx_timeouts":0,"auth_rejected":0,"errors":0}
[HB] up=136s lease_ok=true handshake=true disarmed=false renew_age_ms=500 stat={"ioctl_calls":7,"target_hits":3,"clears_ok":0,"clears_fail":0,"restores_ok":0,"kernel_changed":0,"edges_sent":6,"write_fail":0,"discarded":0,"lease_expired":0,"rx_timeouts":0,"auth_rejected":0,"errors":0}
[HB] up=137s lease_ok=true handshake=true disarmed=false renew_age_ms=501 stat={"ioctl_calls":7,"target_hits":3,"clears_ok":0,"clears_fail":0,"restores_ok":0,"kernel_changed":0,"edges_sent":6,"write_fail":0,"discarded":0,"lease_expired":0,"rx_timeouts":0,"auth_rejected":0,"errors":0}
[HB] up=138s lease_ok=true handshake=true disarmed=false renew_age_ms=501 stat={"ioctl_calls":7,"target_hits":3,"clears_ok":0,"clears_fail":0,"restores_ok":0,"kernel_changed":0,"edges_sent":6,"write_fail":0,"discarded":0,"lease_expired":0,"rx_timeouts":0,"auth_rejected":0,"errors":0}
[HB] up=139s lease_ok=true handshake=true disarmed=false renew_age_ms=501 stat={"ioctl_calls":7,"target_hits":3,"clears_ok":0,"clears_fail":0,"restores_ok":0,"kernel_changed":0,"edges_sent":6,"write_fail":0,"discarded":0,"lease_expired":0,"rx_timeouts":0,"auth_rejected":0,"errors":0}
[RENEW] tick=280 state=ok
[HB] up=140s lease_ok=true handshake=true disarmed=false renew_age_ms=501 stat={"ioctl_calls":7,"target_hits":3,"clears_ok":0,"clears_fail":0,"restores_ok":0,"kernel_changed":0,"edges_sent":6,"write_fail":0,"discarded":0,"lease_expired":0,"rx_timeouts":0,"auth_rejected":0,"errors":0}
[HB] up=141s lease_ok=true handshake=true disarmed=false renew_age_ms=500 stat={"ioctl_calls":7,"target_hits":3,"clears_ok":0,"clears_fail":0,"restores_ok":0,"kernel_changed":0,"edges_sent":6,"write_fail":0,"discarded":0,"lease_expired":0,"rx_timeouts":0,"auth_rejected":0,"errors":0}
[HB] up=142s lease_ok=true handshake=true disarmed=false renew_age_ms=501 stat={"ioctl_calls":7,"target_hits":3,"clears_ok":0,"clears_fail":0,"restores_ok":0,"kernel_changed":0,"edges_sent":6,"write_fail":0,"discarded":0,"lease_expired":0,"rx_timeouts":0,"auth_rejected":0,"errors":0}
[HB] up=143s lease_ok=true handshake=true disarmed=false renew_age_ms=501 stat={"ioctl_calls":7,"target_hits":3,"clears_ok":0,"clears_fail":0,"restores_ok":0,"kernel_changed":0,"edges_sent":6,"write_fail":0,"discarded":0,"lease_expired":0,"rx_timeouts":0,"auth_rejected":0,"errors":0}
[HB] up=144s lease_ok=true handshake=true disarmed=false renew_age_ms=500 stat={"ioctl_calls":7,"target_hits":3,"clears_ok":0,"clears_fail":0,"restores_ok":0,"kernel_changed":0,"edges_sent":6,"write_fail":0,"discarded":0,"lease_expired":0,"rx_timeouts":0,"auth_rejected":0,"errors":0}
[RENEW] tick=290 state=ok
[HB] up=145s lease_ok=true handshake=true disarmed=false renew_age_ms=500 stat={"ioctl_calls":7,"target_hits":3,"clears_ok":0,"clears_fail":0,"restores_ok":0,"kernel_changed":0,"edges_sent":6,"write_fail":0,"discarded":0,"lease_expired":0,"rx_timeouts":0,"auth_rejected":0,"errors":0}
[HB] up=146s lease_ok=true handshake=true disarmed=false renew_age_ms=500 stat={"ioctl_calls":7,"target_hits":3,"clears_ok":0,"clears_fail":0,"restores_ok":0,"kernel_changed":0,"edges_sent":6,"write_fail":0,"discarded":0,"lease_expired":0,"rx_timeouts":0,"auth_rejected":0,"errors":0}
[HB] up=147s lease_ok=true handshake=true disarmed=false renew_age_ms=500 stat={"ioctl_calls":7,"target_hits":3,"clears_ok":0,"clears_fail":0,"restores_ok":0,"kernel_changed":0,"edges_sent":6,"write_fail":0,"discarded":0,"lease_expired":0,"rx_timeouts":0,"auth_rejected":0,"errors":0}
[HB] up=148s lease_ok=true handshake=true disarmed=false renew_age_ms=501 stat={"ioctl_calls":7,"target_hits":3,"clears_ok":0,"clears_fail":0,"restores_ok":0,"kernel_changed":0,"edges_sent":6,"write_fail":0,"discarded":0,"lease_expired":0,"rx_timeouts":0,"auth_rejected":0,"errors":0}
[HB] up=149s lease_ok=true handshake=true disarmed=false renew_age_ms=501 stat={"ioctl_calls":7,"target_hits":3,"clears_ok":0,"clears_fail":0,"restores_ok":0,"kernel_changed":0,"edges_sent":6,"write_fail":0,"discarded":0,"lease_expired":0,"rx_timeouts":0,"auth_rejected":0,"errors":0}
[RENEW] tick=300 state=ok
[HB] up=150s lease_ok=true handshake=true disarmed=false renew_age_ms=500 stat={"ioctl_calls":7,"target_hits":3,"clears_ok":0,"clears_fail":0,"restores_ok":0,"kernel_changed":0,"edges_sent":6,"write_fail":0,"discarded":0,"lease_expired":0,"rx_timeouts":0,"auth_rejected":0,"errors":0}
[HB] up=151s lease_ok=true handshake=true disarmed=false renew_age_ms=501 stat={"ioctl_calls":7,"target_hits":3,"clears_ok":0,"clears_fail":0,"restores_ok":0,"kernel_changed":0,"edges_sent":6,"write_fail":0,"discarded":0,"lease_expired":0,"rx_timeouts":0,"auth_rejected":0,"errors":0}
[HB] up=152s lease_ok=true handshake=true disarmed=false renew_age_ms=500 stat={"ioctl_calls":7,"target_hits":3,"clears_ok":0,"clears_fail":0,"restores_ok":0,"kernel_changed":0,"edges_sent":6,"write_fail":0,"discarded":0,"lease_expired":0,"rx_timeouts":0,"auth_rejected":0,"errors":0}
[HB] up=153s lease_ok=true handshake=true disarmed=false renew_age_ms=500 stat={"ioctl_calls":7,"target_hits":3,"clears_ok":0,"clears_fail":0,"restores_ok":0,"kernel_changed":0,"edges_sent":6,"write_fail":0,"discarded":0,"lease_expired":0,"rx_timeouts":0,"auth_rejected":0,"errors":0}
[HB] up=154s lease_ok=true handshake=true disarmed=false renew_age_ms=501 stat={"ioctl_calls":7,"target_hits":3,"clears_ok":0,"clears_fail":0,"restores_ok":0,"kernel_changed":0,"edges_sent":6,"write_fail":0,"discarded":0,"lease_expired":0,"rx_timeouts":0,"auth_rejected":0,"errors":0}
[RENEW] tick=310 state=ok
[HB] up=155s lease_ok=true handshake=true disarmed=false renew_age_ms=500 stat={"ioctl_calls":7,"target_hits":3,"clears_ok":0,"clears_fail":0,"restores_ok":0,"kernel_changed":0,"edges_sent":6,"write_fail":0,"discarded":0,"lease_expired":0,"rx_timeouts":0,"auth_rejected":0,"errors":0}
[HB] up=156s lease_ok=true handshake=true disarmed=false renew_age_ms=501 stat={"ioctl_calls":7,"target_hits":3,"clears_ok":0,"clears_fail":0,"restores_ok":0,"kernel_changed":0,"edges_sent":6,"write_fail":0,"discarded":0,"lease_expired":0,"rx_timeouts":0,"auth_rejected":0,"errors":0}
[HB] up=157s lease_ok=true handshake=true disarmed=false renew_age_ms=500 stat={"ioctl_calls":7,"target_hits":3,"clears_ok":0,"clears_fail":0,"restores_ok":0,"kernel_changed":0,"edges_sent":6,"write_fail":0,"discarded":0,"lease_expired":0,"rx_timeouts":0,"auth_rejected":0,"errors":0}
[HB] up=158s lease_ok=true handshake=true disarmed=false renew_age_ms=500 stat={"ioctl_calls":7,"target_hits":3,"clears_ok":0,"clears_fail":0,"restores_ok":0,"kernel_changed":0,"edges_sent":6,"write_fail":0,"discarded":0,"lease_expired":0,"rx_timeouts":0,"auth_rejected":0,"errors":0}
[HB] up=159s lease_ok=true handshake=true disarmed=false renew_age_ms=501 stat={"ioctl_calls":7,"target_hits":3,"clears_ok":0,"clears_fail":0,"restores_ok":0,"kernel_changed":0,"edges_sent":6,"write_fail":0,"discarded":0,"lease_expired":0,"rx_timeouts":0,"auth_rejected":0,"errors":0}
[RENEW] tick=320 state=ok
[HB] up=160s lease_ok=true handshake=true disarmed=false renew_age_ms=501 stat={"ioctl_calls":7,"target_hits":3,"clears_ok":0,"clears_fail":0,"restores_ok":0,"kernel_changed":0,"edges_sent":6,"write_fail":0,"discarded":0,"lease_expired":0,"rx_timeouts":0,"auth_rejected":0,"errors":0}
[HB] up=161s lease_ok=true handshake=true disarmed=false renew_age_ms=500 stat={"ioctl_calls":7,"target_hits":3,"clears_ok":0,"clears_fail":0,"restores_ok":0,"kernel_changed":0,"edges_sent":6,"write_fail":0,"discarded":0,"lease_expired":0,"rx_timeouts":0,"auth_rejected":0,"errors":0}
[HB] up=162s lease_ok=true handshake=true disarmed=false renew_age_ms=500 stat={"ioctl_calls":7,"target_hits":3,"clears_ok":0,"clears_fail":0,"restores_ok":0,"kernel_changed":0,"edges_sent":6,"write_fail":0,"discarded":0,"lease_expired":0,"rx_timeouts":0,"auth_rejected":0,"errors":0}
[HB] up=163s lease_ok=true handshake=true disarmed=false renew_age_ms=501 stat={"ioctl_calls":7,"target_hits":3,"clears_ok":0,"clears_fail":0,"restores_ok":0,"kernel_changed":0,"edges_sent":6,"write_fail":0,"discarded":0,"lease_expired":0,"rx_timeouts":0,"auth_rejected":0,"errors":0}
[HB] up=164s lease_ok=true handshake=true disarmed=false renew_age_ms=501 stat={"ioctl_calls":7,"target_hits":3,"clears_ok":0,"clears_fail":0,"restores_ok":0,"kernel_changed":0,"edges_sent":6,"write_fail":0,"discarded":0,"lease_expired":0,"rx_timeouts":0,"auth_rejected":0,"errors":0}
[RENEW] tick=330 state=ok
[HB] up=165s lease_ok=true handshake=true disarmed=false renew_age_ms=500 stat={"ioctl_calls":7,"target_hits":3,"clears_ok":0,"clears_fail":0,"restores_ok":0,"kernel_changed":0,"edges_sent":6,"write_fail":0,"discarded":0,"lease_expired":0,"rx_timeouts":0,"auth_rejected":0,"errors":0}
[HB] up=166s lease_ok=true handshake=true disarmed=false renew_age_ms=500 stat={"ioctl_calls":7,"target_hits":3,"clears_ok":0,"clears_fail":0,"restores_ok":0,"kernel_changed":0,"edges_sent":6,"write_fail":0,"discarded":0,"lease_expired":0,"rx_timeouts":0,"auth_rejected":0,"errors":0}
[HB] up=167s lease_ok=true handshake=true disarmed=false renew_age_ms=500 stat={"ioctl_calls":7,"target_hits":3,"clears_ok":0,"clears_fail":0,"restores_ok":0,"kernel_changed":0,"edges_sent":6,"write_fail":0,"discarded":0,"lease_expired":0,"rx_timeouts":0,"auth_rejected":0,"errors":0}
[HB] up=168s lease_ok=true handshake=true disarmed=false renew_age_ms=500 stat={"ioctl_calls":7,"target_hits":3,"clears_ok":0,"clears_fail":0,"restores_ok":0,"kernel_changed":0,"edges_sent":6,"write_fail":0,"discarded":0,"lease_expired":0,"rx_timeouts":0,"auth_rejected":0,"errors":0}
[HB] up=169s lease_ok=true handshake=true disarmed=false renew_age_ms=501 stat={"ioctl_calls":7,"target_hits":3,"clears_ok":0,"clears_fail":0,"restores_ok":0,"kernel_changed":0,"edges_sent":6,"write_fail":0,"discarded":0,"lease_expired":0,"rx_timeouts":0,"auth_rejected":0,"errors":0}
[RENEW] tick=340 state=ok
[HB] up=170s lease_ok=true handshake=true disarmed=false renew_age_ms=499 stat={"ioctl_calls":7,"target_hits":3,"clears_ok":0,"clears_fail":0,"restores_ok":0,"kernel_changed":0,"edges_sent":6,"write_fail":0,"discarded":0,"lease_expired":0,"rx_timeouts":0,"auth_rejected":0,"errors":0}
[HB] up=171s lease_ok=true handshake=true disarmed=false renew_age_ms=500 stat={"ioctl_calls":7,"target_hits":3,"clears_ok":0,"clears_fail":0,"restores_ok":0,"kernel_changed":0,"edges_sent":6,"write_fail":0,"discarded":0,"lease_expired":0,"rx_timeouts":0,"auth_rejected":0,"errors":0}
[HB] up=172s lease_ok=true handshake=true disarmed=false renew_age_ms=501 stat={"ioctl_calls":7,"target_hits":3,"clears_ok":0,"clears_fail":0,"restores_ok":0,"kernel_changed":0,"edges_sent":6,"write_fail":0,"discarded":0,"lease_expired":0,"rx_timeouts":0,"auth_rejected":0,"errors":0}
[HB] up=173s lease_ok=true handshake=true disarmed=false renew_age_ms=501 stat={"ioctl_calls":7,"target_hits":3,"clears_ok":0,"clears_fail":0,"restores_ok":0,"kernel_changed":0,"edges_sent":6,"write_fail":0,"discarded":0,"lease_expired":0,"rx_timeouts":0,"auth_rejected":0,"errors":0}
[HB] up=174s lease_ok=true handshake=true disarmed=false renew_age_ms=501 stat={"ioctl_calls":7,"target_hits":3,"clears_ok":0,"clears_fail":0,"restores_ok":0,"kernel_changed":0,"edges_sent":6,"write_fail":0,"discarded":0,"lease_expired":0,"rx_timeouts":0,"auth_rejected":0,"errors":0}
[RENEW] tick=350 state=ok
[HB] up=175s lease_ok=true handshake=true disarmed=false renew_age_ms=503 stat={"ioctl_calls":7,"target_hits":3,"clears_ok":0,"clears_fail":0,"restores_ok":0,"kernel_changed":0,"edges_sent":6,"write_fail":0,"discarded":0,"lease_expired":0,"rx_timeouts":0,"auth_rejected":0,"errors":0}
[HB] up=176s lease_ok=true handshake=true disarmed=false renew_age_ms=500 stat={"ioctl_calls":7,"target_hits":3,"clears_ok":0,"clears_fail":0,"restores_ok":0,"kernel_changed":0,"edges_sent":6,"write_fail":0,"discarded":0,"lease_expired":0,"rx_timeouts":0,"auth_rejected":0,"errors":0}
[HB] up=177s lease_ok=true handshake=true disarmed=false renew_age_ms=500 stat={"ioctl_calls":7,"target_hits":3,"clears_ok":0,"clears_fail":0,"restores_ok":0,"kernel_changed":0,"edges_sent":6,"write_fail":0,"discarded":0,"lease_expired":0,"rx_timeouts":0,"auth_rejected":0,"errors":0}
[HB] up=178s lease_ok=true handshake=true disarmed=false renew_age_ms=501 stat={"ioctl_calls":7,"target_hits":3,"clears_ok":0,"clears_fail":0,"restores_ok":0,"kernel_changed":0,"edges_sent":6,"write_fail":0,"discarded":0,"lease_expired":0,"rx_timeouts":0,"auth_rejected":0,"errors":0}
[HB] up=179s lease_ok=true handshake=true disarmed=false renew_age_ms=500 stat={"ioctl_calls":7,"target_hits":3,"clears_ok":0,"clears_fail":0,"restores_ok":0,"kernel_changed":0,"edges_sent":6,"write_fail":0,"discarded":0,"lease_expired":0,"rx_timeouts":0,"auth_rejected":0,"errors":0}
[RENEW] tick=360 state=ok
[HB] up=180s lease_ok=true handshake=true disarmed=false renew_age_ms=500 stat={"ioctl_calls":7,"target_hits":3,"clears_ok":0,"clears_fail":0,"restores_ok":0,"kernel_changed":0,"edges_sent":6,"write_fail":0,"discarded":0,"lease_expired":0,"rx_timeouts":0,"auth_rejected":0,"errors":0}
[HB] up=181s lease_ok=true handshake=true disarmed=false renew_age_ms=500 stat={"ioctl_calls":7,"target_hits":3,"clears_ok":0,"clears_fail":0,"restores_ok":0,"kernel_changed":0,"edges_sent":6,"write_fail":0,"discarded":0,"lease_expired":0,"rx_timeouts":0,"auth_rejected":0,"errors":0}
[HB] up=182s lease_ok=true handshake=true disarmed=false renew_age_ms=501 stat={"ioctl_calls":7,"target_hits":3,"clears_ok":0,"clears_fail":0,"restores_ok":0,"kernel_changed":0,"edges_sent":6,"write_fail":0,"discarded":0,"lease_expired":0,"rx_timeouts":0,"auth_rejected":0,"errors":0}
[HB] up=183s lease_ok=true handshake=true disarmed=false renew_age_ms=500 stat={"ioctl_calls":7,"target_hits":3,"clears_ok":0,"clears_fail":0,"restores_ok":0,"kernel_changed":0,"edges_sent":6,"write_fail":0,"discarded":0,"lease_expired":0,"rx_timeouts":0,"auth_rejected":0,"errors":0}
[HB] up=184s lease_ok=true handshake=true disarmed=false renew_age_ms=501 stat={"ioctl_calls":7,"target_hits":3,"clears_ok":0,"clears_fail":0,"restores_ok":0,"kernel_changed":0,"edges_sent":6,"write_fail":0,"discarded":0,"lease_expired":0,"rx_timeouts":0,"auth_rejected":0,"errors":0}
[RENEW] tick=370 state=ok
[HB] up=185s lease_ok=true handshake=true disarmed=false renew_age_ms=501 stat={"ioctl_calls":7,"target_hits":3,"clears_ok":0,"clears_fail":0,"restores_ok":0,"kernel_changed":0,"edges_sent":6,"write_fail":0,"discarded":0,"lease_expired":0,"rx_timeouts":0,"auth_rejected":0,"errors":0}
[HB] up=186s lease_ok=true handshake=true disarmed=false renew_age_ms=501 stat={"ioctl_calls":7,"target_hits":3,"clears_ok":0,"clears_fail":0,"restores_ok":0,"kernel_changed":0,"edges_sent":6,"write_fail":0,"discarded":0,"lease_expired":0,"rx_timeouts":0,"auth_rejected":0,"errors":0}
[HB] up=187s lease_ok=true handshake=true disarmed=false renew_age_ms=500 stat={"ioctl_calls":7,"target_hits":3,"clears_ok":0,"clears_fail":0,"restores_ok":0,"kernel_changed":0,"edges_sent":6,"write_fail":0,"discarded":0,"lease_expired":0,"rx_timeouts":0,"auth_rejected":0,"errors":0}
[HB] up=188s lease_ok=true handshake=true disarmed=false renew_age_ms=501 stat={"ioctl_calls":7,"target_hits":3,"clears_ok":0,"clears_fail":0,"restores_ok":0,"kernel_changed":0,"edges_sent":6,"write_fail":0,"discarded":0,"lease_expired":0,"rx_timeouts":0,"auth_rejected":0,"errors":0}
[HB] up=189s lease_ok=true handshake=true disarmed=false renew_age_ms=501 stat={"ioctl_calls":7,"target_hits":3,"clears_ok":0,"clears_fail":0,"restores_ok":0,"kernel_changed":0,"edges_sent":6,"write_fail":0,"discarded":0,"lease_expired":0,"rx_timeouts":0,"auth_rejected":0,"errors":0}
[RENEW] tick=380 state=ok
[HB] up=190s lease_ok=true handshake=true disarmed=false renew_age_ms=500 stat={"ioctl_calls":7,"target_hits":3,"clears_ok":0,"clears_fail":0,"restores_ok":0,"kernel_changed":0,"edges_sent":6,"write_fail":0,"discarded":0,"lease_expired":0,"rx_timeouts":0,"auth_rejected":0,"errors":0}
[HB] up=191s lease_ok=true handshake=true disarmed=false renew_age_ms=500 stat={"ioctl_calls":7,"target_hits":3,"clears_ok":0,"clears_fail":0,"restores_ok":0,"kernel_changed":0,"edges_sent":6,"write_fail":0,"discarded":0,"lease_expired":0,"rx_timeouts":0,"auth_rejected":0,"errors":0}
[HB] up=192s lease_ok=true handshake=true disarmed=false renew_age_ms=501 stat={"ioctl_calls":7,"target_hits":3,"clears_ok":0,"clears_fail":0,"restores_ok":0,"kernel_changed":0,"edges_sent":6,"write_fail":0,"discarded":0,"lease_expired":0,"rx_timeouts":0,"auth_rejected":0,"errors":0}
[HB] up=193s lease_ok=true handshake=true disarmed=false renew_age_ms=500 stat={"ioctl_calls":7,"target_hits":3,"clears_ok":0,"clears_fail":0,"restores_ok":0,"kernel_changed":0,"edges_sent":6,"write_fail":0,"discarded":0,"lease_expired":0,"rx_timeouts":0,"auth_rejected":0,"errors":0}
[HB] up=194s lease_ok=true handshake=true disarmed=false renew_age_ms=500 stat={"ioctl_calls":7,"target_hits":3,"clears_ok":0,"clears_fail":0,"restores_ok":0,"kernel_changed":0,"edges_sent":6,"write_fail":0,"discarded":0,"lease_expired":0,"rx_timeouts":0,"auth_rejected":0,"errors":0}
[RENEW] tick=390 state=ok
[HB] up=195s lease_ok=true handshake=true disarmed=false renew_age_ms=500 stat={"ioctl_calls":7,"target_hits":3,"clears_ok":0,"clears_fail":0,"restores_ok":0,"kernel_changed":0,"edges_sent":6,"write_fail":0,"discarded":0,"lease_expired":0,"rx_timeouts":0,"auth_rejected":0,"errors":0}
[HB] up=196s lease_ok=true handshake=true disarmed=false renew_age_ms=500 stat={"ioctl_calls":7,"target_hits":3,"clears_ok":0,"clears_fail":0,"restores_ok":0,"kernel_changed":0,"edges_sent":6,"write_fail":0,"discarded":0,"lease_expired":0,"rx_timeouts":0,"auth_rejected":0,"errors":0}
[HB] up=197s lease_ok=true handshake=true disarmed=false renew_age_ms=500 stat={"ioctl_calls":7,"target_hits":3,"clears_ok":0,"clears_fail":0,"restores_ok":0,"kernel_changed":0,"edges_sent":6,"write_fail":0,"discarded":0,"lease_expired":0,"rx_timeouts":0,"auth_rejected":0,"errors":0}
[HB] up=198s lease_ok=true handshake=true disarmed=false renew_age_ms=500 stat={"ioctl_calls":7,"target_hits":3,"clears_ok":0,"clears_fail":0,"restores_ok":0,"kernel_changed":0,"edges_sent":6,"write_fail":0,"discarded":0,"lease_expired":0,"rx_timeouts":0,"auth_rejected":0,"errors":0}
[HB] up=199s lease_ok=true handshake=true disarmed=false renew_age_ms=501 stat={"ioctl_calls":7,"target_hits":3,"clears_ok":0,"clears_fail":0,"restores_ok":0,"kernel_changed":0,"edges_sent":6,"write_fail":0,"discarded":0,"lease_expired":0,"rx_timeouts":0,"auth_rejected":0,"errors":0}
[RENEW] tick=400 state=ok
[HB] up=200s lease_ok=true handshake=true disarmed=false renew_age_ms=501 stat={"ioctl_calls":7,"target_hits":3,"clears_ok":0,"clears_fail":0,"restores_ok":0,"kernel_changed":0,"edges_sent":6,"write_fail":0,"discarded":0,"lease_expired":0,"rx_timeouts":0,"auth_rejected":0,"errors":0}
[HB] up=201s lease_ok=true handshake=true disarmed=false renew_age_ms=500 stat={"ioctl_calls":7,"target_hits":3,"clears_ok":0,"clears_fail":0,"restores_ok":0,"kernel_changed":0,"edges_sent":6,"write_fail":0,"discarded":0,"lease_expired":0,"rx_timeouts":0,"auth_rejected":0,"errors":0}
[HB] up=202s lease_ok=true handshake=true disarmed=false renew_age_ms=500 stat={"ioctl_calls":7,"target_hits":3,"clears_ok":0,"clears_fail":0,"restores_ok":0,"kernel_changed":0,"edges_sent":6,"write_fail":0,"discarded":0,"lease_expired":0,"rx_timeouts":0,"auth_rejected":0,"errors":0}
[HB] up=203s lease_ok=true handshake=true disarmed=false renew_age_ms=500 stat={"ioctl_calls":7,"target_hits":3,"clears_ok":0,"clears_fail":0,"restores_ok":0,"kernel_changed":0,"edges_sent":6,"write_fail":0,"discarded":0,"lease_expired":0,"rx_timeouts":0,"auth_rejected":0,"errors":0}
[HB] up=204s lease_ok=true handshake=true disarmed=false renew_age_ms=500 stat={"ioctl_calls":7,"target_hits":3,"clears_ok":0,"clears_fail":0,"restores_ok":0,"kernel_changed":0,"edges_sent":6,"write_fail":0,"discarded":0,"lease_expired":0,"rx_timeouts":0,"auth_rejected":0,"errors":0}
[RENEW] tick=410 state=ok
[HB] up=205s lease_ok=true handshake=true disarmed=false renew_age_ms=501 stat={"ioctl_calls":7,"target_hits":3,"clears_ok":0,"clears_fail":0,"restores_ok":0,"kernel_changed":0,"edges_sent":6,"write_fail":0,"discarded":0,"lease_expired":0,"rx_timeouts":0,"auth_rejected":0,"errors":0}
[HB] up=206s lease_ok=true handshake=true disarmed=false renew_age_ms=500 stat={"ioctl_calls":7,"target_hits":3,"clears_ok":0,"clears_fail":0,"restores_ok":0,"kernel_changed":0,"edges_sent":6,"write_fail":0,"discarded":0,"lease_expired":0,"rx_timeouts":0,"auth_rejected":0,"errors":0}
[HB] up=207s lease_ok=true handshake=true disarmed=false renew_age_ms=500 stat={"ioctl_calls":7,"target_hits":3,"clears_ok":0,"clears_fail":0,"restores_ok":0,"kernel_changed":0,"edges_sent":6,"write_fail":0,"discarded":0,"lease_expired":0,"rx_timeouts":0,"auth_rejected":0,"errors":0}
[HB] up=208s lease_ok=true handshake=true disarmed=false renew_age_ms=501 stat={"ioctl_calls":7,"target_hits":3,"clears_ok":0,"clears_fail":0,"restores_ok":0,"kernel_changed":0,"edges_sent":6,"write_fail":0,"discarded":0,"lease_expired":0,"rx_timeouts":0,"auth_rejected":0,"errors":0}
[HB] up=209s lease_ok=true handshake=true disarmed=false renew_age_ms=501 stat={"ioctl_calls":7,"target_hits":3,"clears_ok":0,"clears_fail":0,"restores_ok":0,"kernel_changed":0,"edges_sent":6,"write_fail":0,"discarded":0,"lease_expired":0,"rx_timeouts":0,"auth_rejected":0,"errors":0}
[RENEW] tick=420 state=ok
[HB] up=210s lease_ok=true handshake=true disarmed=false renew_age_ms=501 stat={"ioctl_calls":7,"target_hits":3,"clears_ok":0,"clears_fail":0,"restores_ok":0,"kernel_changed":0,"edges_sent":6,"write_fail":0,"discarded":0,"lease_expired":0,"rx_timeouts":0,"auth_rejected":0,"errors":0}

---------- 新一轮运行 2026-09-23 16:10:08.607 ----------
=== rc003-helper（RC003 增强捕获轨 / 产品化 spike）  2026-09-23 16:10:08.607 ===
[ENV] elevated=true pid=41548 port=47831 runtime_dir=C:\ProgramData\SayAll\rc003-helper target_pid=- gadget_sha256=350beb0e801dc7dc39d21512960d1048b9f21dc72c0ee5ced5cf5d9dc8ea6687 agent_sha256=d7f22eed9504b549ce3ce4f4b0830ab575f5da00e38d18e7d7bf3b5458773b6b
[REG] diag_keys=6 instances_with_hostpid=6 no_host=0 read_failures=0 rc003_instances=1
[HOST] pid=31284 exe=WUDFHost.exe image=C:\Windows\System32\WUDFHost.exe
[EXCLUSIVE] members=1 rc003_members=1 verdict=exclusive_rc003_host
    [RC003] BTHLEDevice\{00001812-0000-1000-8000-00805f9b34fb}_Dev_VID&012717_PID&32b8_REV&00a4_<BT-ADDR>\9&3aacf7b9&1&0055
[GADGET] src=D:\SayAll\src\GetSayAll\remote-mic-app-windows\hardware\RC003\helper\vendor\frida-gadget.dll
[VERIFY] file=D:\SayAll\src\GetSayAll\remote-mic-app-windows\hardware\RC003\helper\vendor\frida-gadget.dll size=23254016 sha256=350beb0e801dc7dc39d21512960d1048b9f21dc72c0ee5ced5cf5d9dc8ea6687 expected=350beb0e801dc7dc39d21512960d1048b9f21dc72c0ee5ced5cf5d9dc8ea6687
[TOKEN] source=file path=C:\ProgramData\SayAll\rc003-helper\session.token value=0f5aa153684025a756d359c7b5b5583c
[TAP] scan=ok modules=46 resident=1 modules_detail=frida-gadget.dll base=0x7FF959FE0000 size=23617536
    [TAP] path=C:\ProgramData\SayAll\rc003-helper\frida-gadget.dll
[PREP] dir=C:\ProgramData\SayAll\rc003-helper dll=C:\ProgramData\SayAll\rc003-helper\frida-gadget.dll action=skip_copy_attaching_existing_tap
[PREP] dir=C:\ProgramData\SayAll\rc003-helper config=C:\ProgramData\SayAll\rc003-helper\frida-gadget.config agent=C:\ProgramData\SayAll\rc003-helper\rc003_agent.js port=47831 mode=observe restore=true lease_ms=2000
[STOP] 绑定 127.0.0.1:47831 失败：通常每个套接字地址(协议/网络地址/端口)只允许使用一次。 (os error 10048)
[HB] up=211s lease_ok=true handshake=true disarmed=false renew_age_ms=501 stat={"ioctl_calls":7,"target_hits":3,"clears_ok":0,"clears_fail":0,"restores_ok":0,"kernel_changed":0,"edges_sent":6,"write_fail":0,"discarded":0,"lease_expired":0,"rx_timeouts":0,"auth_rejected":0,"errors":0}
[HB] up=212s lease_ok=true handshake=true disarmed=false renew_age_ms=501 stat={"ioctl_calls":7,"target_hits":3,"clears_ok":0,"clears_fail":0,"restores_ok":0,"kernel_changed":0,"edges_sent":6,"write_fail":0,"discarded":0,"lease_expired":0,"rx_timeouts":0,"auth_rejected":0,"errors":0}
[HB] up=213s lease_ok=true handshake=true disarmed=false renew_age_ms=500 stat={"ioctl_calls":7,"target_hits":3,"clears_ok":0,"clears_fail":0,"restores_ok":0,"kernel_changed":0,"edges_sent":6,"write_fail":0,"discarded":0,"lease_expired":0,"rx_timeouts":0,"auth_rejected":0,"errors":0}
[HB] up=214s lease_ok=true handshake=true disarmed=false renew_age_ms=501 stat={"ioctl_calls":7,"target_hits":3,"clears_ok":0,"clears_fail":0,"restores_ok":0,"kernel_changed":0,"edges_sent":6,"write_fail":0,"discarded":0,"lease_expired":0,"rx_timeouts":0,"auth_rejected":0,"errors":0}
[RENEW] tick=430 state=ok
[HB] up=215s lease_ok=true handshake=true disarmed=false renew_age_ms=500 stat={"ioctl_calls":7,"target_hits":3,"clears_ok":0,"clears_fail":0,"restores_ok":0,"kernel_changed":0,"edges_sent":6,"write_fail":0,"discarded":0,"lease_expired":0,"rx_timeouts":0,"auth_rejected":0,"errors":0}
[HB] up=216s lease_ok=true handshake=true disarmed=false renew_age_ms=500 stat={"ioctl_calls":7,"target_hits":3,"clears_ok":0,"clears_fail":0,"restores_ok":0,"kernel_changed":0,"edges_sent":6,"write_fail":0,"discarded":0,"lease_expired":0,"rx_timeouts":0,"auth_rejected":0,"errors":0}
[HB] up=217s lease_ok=true handshake=true disarmed=false renew_age_ms=501 stat={"ioctl_calls":7,"target_hits":3,"clears_ok":0,"clears_fail":0,"restores_ok":0,"kernel_changed":0,"edges_sent":6,"write_fail":0,"discarded":0,"lease_expired":0,"rx_timeouts":0,"auth_rejected":0,"errors":0}
[HB] up=218s lease_ok=true handshake=true disarmed=false renew_age_ms=500 stat={"ioctl_calls":7,"target_hits":3,"clears_ok":0,"clears_fail":0,"restores_ok":0,"kernel_changed":0,"edges_sent":6,"write_fail":0,"discarded":0,"lease_expired":0,"rx_timeouts":0,"auth_rejected":0,"errors":0}
[HB] up=219s lease_ok=true handshake=true disarmed=false renew_age_ms=501 stat={"ioctl_calls":7,"target_hits":3,"clears_ok":0,"clears_fail":0,"restores_ok":0,"kernel_changed":0,"edges_sent":6,"write_fail":0,"discarded":0,"lease_expired":0,"rx_timeouts":0,"auth_rejected":0,"errors":0}
[HB] up=220s lease_ok=true handshake=true disarmed=false renew_age_ms=500 stat={"ioctl_calls":7,"target_hits":3,"clears_ok":0,"clears_fail":0,"restores_ok":0,"kernel_changed":0,"edges_sent":6,"write_fail":0,"discarded":0,"lease_expired":0,"rx_timeouts":0,"auth_rejected":0,"errors":0}
[RENEW] tick=440 state=ok
[HB] up=221s lease_ok=true handshake=true disarmed=false renew_age_ms=500 stat={"ioctl_calls":7,"target_hits":3,"clears_ok":0,"clears_fail":0,"restores_ok":0,"kernel_changed":0,"edges_sent":6,"write_fail":0,"discarded":0,"lease_expired":0,"rx_timeouts":0,"auth_rejected":0,"errors":0}
[HB] up=222s lease_ok=true handshake=true disarmed=false renew_age_ms=500 stat={"ioctl_calls":7,"target_hits":3,"clears_ok":0,"clears_fail":0,"restores_ok":0,"kernel_changed":0,"edges_sent":6,"write_fail":0,"discarded":0,"lease_expired":0,"rx_timeouts":0,"auth_rejected":0,"errors":0}
[HB] up=223s lease_ok=true handshake=true disarmed=false renew_age_ms=501 stat={"ioctl_calls":7,"target_hits":3,"clears_ok":0,"clears_fail":0,"restores_ok":0,"kernel_changed":0,"edges_sent":6,"write_fail":0,"discarded":0,"lease_expired":0,"rx_timeouts":0,"auth_rejected":0,"errors":0}
[HB] up=224s lease_ok=true handshake=true disarmed=false renew_age_ms=500 stat={"ioctl_calls":7,"target_hits":3,"clears_ok":0,"clears_fail":0,"restores_ok":0,"kernel_changed":0,"edges_sent":6,"write_fail":0,"discarded":0,"lease_expired":0,"rx_timeouts":0,"auth_rejected":0,"errors":0}
[RENEW] tick=450 state=ok
[HB] up=225s lease_ok=true handshake=true disarmed=false renew_age_ms=500 stat={"ioctl_calls":7,"target_hits":3,"clears_ok":0,"clears_fail":0,"restores_ok":0,"kernel_changed":0,"edges_sent":6,"write_fail":0,"discarded":0,"lease_expired":0,"rx_timeouts":0,"auth_rejected":0,"errors":0}
[HB] up=226s lease_ok=true handshake=true disarmed=false renew_age_ms=501 stat={"ioctl_calls":7,"target_hits":3,"clears_ok":0,"clears_fail":0,"restores_ok":0,"kernel_changed":0,"edges_sent":6,"write_fail":0,"discarded":0,"lease_expired":0,"rx_timeouts":0,"auth_rejected":0,"errors":0}
[HB] up=227s lease_ok=true handshake=true disarmed=false renew_age_ms=501 stat={"ioctl_calls":7,"target_hits":3,"clears_ok":0,"clears_fail":0,"restores_ok":0,"kernel_changed":0,"edges_sent":6,"write_fail":0,"discarded":0,"lease_expired":0,"rx_timeouts":0,"auth_rejected":0,"errors":0}

[SUMMARY] uptime_s=228 agent_lines=236 renews_sent=455 edges=6 distinct_buttons=|back|volume_down|volume_up authenticated_ever=true how=injected
[NOTE] 已向 agent 发送 disarm；agent 也会在租约到期后自行停止清键。

---------- 新一轮运行 2026-09-23 16:10:37.296 ----------
=== rc003-helper（RC003 增强捕获轨 / 产品化 spike）  2026-09-23 16:10:37.296 ===
[ENV] elevated=true pid=27072 port=47831 runtime_dir=C:\ProgramData\SayAll\rc003-helper target_pid=- gadget_sha256=350beb0e801dc7dc39d21512960d1048b9f21dc72c0ee5ced5cf5d9dc8ea6687 agent_sha256=d7f22eed9504b549ce3ce4f4b0830ab575f5da00e38d18e7d7bf3b5458773b6b
[REG] diag_keys=6 instances_with_hostpid=6 no_host=0 read_failures=0 rc003_instances=1
[HOST] pid=31284 exe=WUDFHost.exe image=C:\Windows\System32\WUDFHost.exe
[EXCLUSIVE] members=1 rc003_members=1 verdict=exclusive_rc003_host
    [RC003] BTHLEDevice\{00001812-0000-1000-8000-00805f9b34fb}_Dev_VID&012717_PID&32b8_REV&00a4_<BT-ADDR>\9&3aacf7b9&1&0055
[GADGET] src=D:\SayAll\src\GetSayAll\remote-mic-app-windows\hardware\RC003\helper\vendor\frida-gadget.dll
[VERIFY] file=D:\SayAll\src\GetSayAll\remote-mic-app-windows\hardware\RC003\helper\vendor\frida-gadget.dll size=23254016 sha256=350beb0e801dc7dc39d21512960d1048b9f21dc72c0ee5ced5cf5d9dc8ea6687 expected=350beb0e801dc7dc39d21512960d1048b9f21dc72c0ee5ced5cf5d9dc8ea6687
[TOKEN] source=file path=C:\ProgramData\SayAll\rc003-helper\session.token value=0f5aa153684025a756d359c7b5b5583c
[TAP] scan=ok modules=46 resident=1 modules_detail=frida-gadget.dll base=0x7FF959FE0000 size=23617536
    [TAP] path=C:\ProgramData\SayAll\rc003-helper\frida-gadget.dll
[PREP] dir=C:\ProgramData\SayAll\rc003-helper dll=C:\ProgramData\SayAll\rc003-helper\frida-gadget.dll action=skip_copy_attaching_existing_tap
[PREP] dir=C:\ProgramData\SayAll\rc003-helper config=C:\ProgramData\SayAll\rc003-helper\frida-gadget.config agent=C:\ProgramData\SayAll\rc003-helper\rc003_agent.js port=47831 mode=observe restore=true lease_ms=2000
[LISTEN] addr=127.0.0.1:47831
[ATTACH] action=skip_injection reason=宿主里已有我们那一代 tap（令牌一致） path=C:\ProgramData\SayAll\rc003-helper\frida-gadget.dll note=agent 会在 RECONNECT_MS 内自己连回来；连上后会补发 arm/mode/restore
[DLL] dll=C:\ProgramData\SayAll\rc003-helper\frida-gadget.dll reused_existing=false sha256_verified=false copied=false

---------- 新一轮运行 2026-09-23 16:10:37.414 ----------

已武装。现在可以按遥控器：返回 / 音量+ / 音量- 都会以 [EDGE] 上报；
确定 / 主页 / 方向应保持 Windows 原生行为（本 spike 不碰它们）。
每 2 秒会打印一次 [HB] 心跳；Ctrl+C 或直接关掉本窗口结束（会先给 agent 发 disarm；即使来不及，agent 也会在 2000 ms 租约到期后自行停止清键）。本次运行上限 300 秒，到点自动收尾。

[ACCEPT] from=127.0.0.1:64260
[HELLO] auth=true pid=31284 agent=rc003_agent/1 mode=observe restore=true lease_ms=2000
[CONFIG] sent=true arm=true mode=observe restore=true
[WARN] 读取连接失败: 远程主机强迫关闭了一个现有的连接。 (os error 10054)
[DISCONNECT] alive_s=0 agent=rc003_agent/1 agent_pid=31284 lines=1 edges=0
[ACCEPT] from=127.0.0.1:64259
[HELLO] auth=true pid=31284 agent=rc003_agent/1 mode=observe restore=true lease_ms=2000
[CONFIG] sent=false arm=true mode=observe restore=true
[WARN] 读取连接失败: 你的主机中的软件中止了一个已建立的连接。 (os error 10053)
[DISCONNECT] alive_s=0 agent=rc003_agent/1 agent_pid=31284 lines=1 edges=0
[ACCEPT] from=127.0.0.1:64256
[HELLO] auth=true pid=31284 agent=rc003_agent/1 mode=observe restore=true lease_ms=2000
[CONFIG] sent=true arm=true mode=observe restore=true
[AGENT] msg=mode:observe
[HB] up=240s lease_ok=true handshake=true disarmed=false renew_age_ms=19 stat={"ioctl_calls":10,"target_hits":3,"clears_ok":0,"clears_fail":0,"restores_ok":0,"kernel_changed":0,"edges_sent":6,"write_fail":0,"discarded":11,"lease_expired":0,"rx_timeouts":0,"auth_rejected":0,"errors":0}
[HB] up=241s lease_ok=true handshake=true disarmed=false renew_age_ms=31 stat={"ioctl_calls":10,"target_hits":3,"clears_ok":0,"clears_fail":0,"restores_ok":0,"kernel_changed":0,"edges_sent":6,"write_fail":0,"discarded":11,"lease_expired":0,"rx_timeouts":0,"auth_rejected":0,"errors":0}
[HB] up=242s lease_ok=true handshake=true disarmed=false renew_age_ms=42 stat={"ioctl_calls":10,"target_hits":3,"clears_ok":0,"clears_fail":0,"restores_ok":0,"kernel_changed":0,"edges_sent":6,"write_fail":0,"discarded":11,"lease_expired":0,"rx_timeouts":0,"auth_rejected":0,"errors":0}
[HB] up=243s lease_ok=true handshake=true disarmed=false renew_age_ms=55 stat={"ioctl_calls":10,"target_hits":3,"clears_ok":0,"clears_fail":0,"restores_ok":0,"kernel_changed":0,"edges_sent":6,"write_fail":0,"discarded":11,"lease_expired":0,"rx_timeouts":0,"auth_rejected":0,"errors":0}
[RENEW] tick=10 state=ok
[HB] up=244s lease_ok=true handshake=true disarmed=false renew_age_ms=67 stat={"ioctl_calls":10,"target_hits":3,"clears_ok":0,"clears_fail":0,"restores_ok":0,"kernel_changed":0,"edges_sent":6,"write_fail":0,"discarded":11,"lease_expired":0,"rx_timeouts":0,"auth_rejected":0,"errors":0}
[HB] up=245s lease_ok=true handshake=true disarmed=false renew_age_ms=79 stat={"ioctl_calls":10,"target_hits":3,"clears_ok":0,"clears_fail":0,"restores_ok":0,"kernel_changed":0,"edges_sent":6,"write_fail":0,"discarded":11,"lease_expired":0,"rx_timeouts":0,"auth_rejected":0,"errors":0}
[HB] up=246s lease_ok=true handshake=true disarmed=false renew_age_ms=91 stat={"ioctl_calls":10,"target_hits":3,"clears_ok":0,"clears_fail":0,"restores_ok":0,"kernel_changed":0,"edges_sent":6,"write_fail":0,"discarded":11,"lease_expired":0,"rx_timeouts":0,"auth_rejected":0,"errors":0}
[HB] up=247s lease_ok=true handshake=true disarmed=false renew_age_ms=100 stat={"ioctl_calls":10,"target_hits":3,"clears_ok":0,"clears_fail":0,"restores_ok":0,"kernel_changed":0,"edges_sent":6,"write_fail":0,"discarded":11,"lease_expired":0,"rx_timeouts":0,"auth_rejected":0,"errors":0}
[EDGE] buttons=back raw=t=1790151045727 usages=0x00F1 buttons=back n=1
[EDGE] buttons=(释放) reason= raw=t=1790151045906 usages= buttons= n=0
[HB] up=249s lease_ok=true handshake=true disarmed=false renew_age_ms=113 stat={"ioctl_calls":12,"target_hits":4,"clears_ok":0,"clears_fail":0,"restores_ok":0,"kernel_changed":0,"edges_sent":8,"write_fail":0,"discarded":11,"lease_expired":0,"rx_timeouts":0,"auth_rejected":0,"errors":0}
[EDGE] buttons=volume_up raw=t=1790151046747 usages=0x0080 buttons=volume_up n=1
[EDGE] buttons=(释放) reason= raw=t=1790151046866 usages= buttons= n=0
[RENEW] tick=20 state=ok
[HB] up=250s lease_ok=true handshake=true disarmed=false renew_age_ms=120 stat={"ioctl_calls":14,"target_hits":5,"clears_ok":0,"clears_fail":0,"restores_ok":0,"kernel_changed":0,"edges_sent":10,"write_fail":0,"discarded":11,"lease_expired":0,"rx_timeouts":0,"auth_rejected":0,"errors":0}
[EDGE] buttons=volume_down raw=t=1790151047691 usages=0x0081 buttons=volume_down n=1
[EDGE] buttons=(释放) reason= raw=t=1790151047827 usages= buttons= n=0
[HB] up=251s lease_ok=true handshake=true disarmed=false renew_age_ms=134 stat={"ioctl_calls":16,"target_hits":6,"clears_ok":0,"clears_fail":0,"restores_ok":0,"kernel_changed":0,"edges_sent":12,"write_fail":0,"discarded":11,"lease_expired":0,"rx_timeouts":0,"auth_rejected":0,"errors":0}
[HB] up=252s lease_ok=true handshake=true disarmed=false renew_age_ms=148 stat={"ioctl_calls":16,"target_hits":6,"clears_ok":0,"clears_fail":0,"restores_ok":0,"kernel_changed":0,"edges_sent":12,"write_fail":0,"discarded":11,"lease_expired":0,"rx_timeouts":0,"auth_rejected":0,"errors":0}
[HB] up=253s lease_ok=true handshake=true disarmed=false renew_age_ms=159 stat={"ioctl_calls":16,"target_hits":6,"clears_ok":0,"clears_fail":0,"restores_ok":0,"kernel_changed":0,"edges_sent":12,"write_fail":0,"discarded":11,"lease_expired":0,"rx_timeouts":0,"auth_rejected":0,"errors":0}
[HB] up=254s lease_ok=true handshake=true disarmed=false renew_age_ms=172 stat={"ioctl_calls":16,"target_hits":6,"clears_ok":0,"clears_fail":0,"restores_ok":0,"kernel_changed":0,"edges_sent":12,"write_fail":0,"discarded":11,"lease_expired":0,"rx_timeouts":0,"auth_rejected":0,"errors":0}
[RENEW] tick=30 state=ok
[HB] up=255s lease_ok=true handshake=true disarmed=false renew_age_ms=186 stat={"ioctl_calls":16,"target_hits":6,"clears_ok":0,"clears_fail":0,"restores_ok":0,"kernel_changed":0,"edges_sent":12,"write_fail":0,"discarded":11,"lease_expired":0,"rx_timeouts":0,"auth_rejected":0,"errors":0}
[HB] up=256s lease_ok=true handshake=true disarmed=false renew_age_ms=197 stat={"ioctl_calls":16,"target_hits":6,"clears_ok":0,"clears_fail":0,"restores_ok":0,"kernel_changed":0,"edges_sent":12,"write_fail":0,"discarded":11,"lease_expired":0,"rx_timeouts":0,"auth_rejected":0,"errors":0}
[HB] up=257s lease_ok=true handshake=true disarmed=false renew_age_ms=198 stat={"ioctl_calls":16,"target_hits":6,"clears_ok":0,"clears_fail":0,"restores_ok":0,"kernel_changed":0,"edges_sent":12,"write_fail":0,"discarded":11,"lease_expired":0,"rx_timeouts":0,"auth_rejected":0,"errors":0}
[HB] up=258s lease_ok=true handshake=true disarmed=false renew_age_ms=211 stat={"ioctl_calls":16,"target_hits":6,"clears_ok":0,"clears_fail":0,"restores_ok":0,"kernel_changed":0,"edges_sent":12,"write_fail":0,"discarded":11,"lease_expired":0,"rx_timeouts":0,"auth_rejected":0,"errors":0}
[HB] up=259s lease_ok=true handshake=true disarmed=false renew_age_ms=223 stat={"ioctl_calls":16,"target_hits":6,"clears_ok":0,"clears_fail":0,"restores_ok":0,"kernel_changed":0,"edges_sent":12,"write_fail":0,"discarded":11,"lease_expired":0,"rx_timeouts":0,"auth_rejected":0,"errors":0}
[RENEW] tick=40 state=ok
[HB] up=260s lease_ok=true handshake=true disarmed=false renew_age_ms=226 stat={"ioctl_calls":16,"target_hits":6,"clears_ok":0,"clears_fail":0,"restores_ok":0,"kernel_changed":0,"edges_sent":12,"write_fail":0,"discarded":11,"lease_expired":0,"rx_timeouts":0,"auth_rejected":0,"errors":0}
[HB] up=261s lease_ok=true handshake=true disarmed=false renew_age_ms=239 stat={"ioctl_calls":16,"target_hits":6,"clears_ok":0,"clears_fail":0,"restores_ok":0,"kernel_changed":0,"edges_sent":12,"write_fail":0,"discarded":11,"lease_expired":0,"rx_timeouts":0,"auth_rejected":0,"errors":0}
[HB] up=262s lease_ok=true handshake=true disarmed=false renew_age_ms=252 stat={"ioctl_calls":16,"target_hits":6,"clears_ok":0,"clears_fail":0,"restores_ok":0,"kernel_changed":0,"edges_sent":12,"write_fail":0,"discarded":11,"lease_expired":0,"rx_timeouts":0,"auth_rejected":0,"errors":0}
[HB] up=263s lease_ok=true handshake=true disarmed=false renew_age_ms=263 stat={"ioctl_calls":16,"target_hits":6,"clears_ok":0,"clears_fail":0,"restores_ok":0,"kernel_changed":0,"edges_sent":12,"write_fail":0,"discarded":11,"lease_expired":0,"rx_timeouts":0,"auth_rejected":0,"errors":0}
[HB] up=264s lease_ok=true handshake=true disarmed=false renew_age_ms=273 stat={"ioctl_calls":16,"target_hits":6,"clears_ok":0,"clears_fail":0,"restores_ok":0,"kernel_changed":0,"edges_sent":12,"write_fail":0,"discarded":11,"lease_expired":0,"rx_timeouts":0,"auth_rejected":0,"errors":0}
[RENEW] tick=50 state=ok
[HB] up=265s lease_ok=true handshake=true disarmed=false renew_age_ms=273 stat={"ioctl_calls":16,"target_hits":6,"clears_ok":0,"clears_fail":0,"restores_ok":0,"kernel_changed":0,"edges_sent":12,"write_fail":0,"discarded":11,"lease_expired":0,"rx_timeouts":0,"auth_rejected":0,"errors":0}
[HB] up=266s lease_ok=true handshake=true disarmed=false renew_age_ms=282 stat={"ioctl_calls":16,"target_hits":6,"clears_ok":0,"clears_fail":0,"restores_ok":0,"kernel_changed":0,"edges_sent":12,"write_fail":0,"discarded":11,"lease_expired":0,"rx_timeouts":0,"auth_rejected":0,"errors":0}
[HB] up=267s lease_ok=true handshake=true disarmed=false renew_age_ms=290 stat={"ioctl_calls":16,"target_hits":6,"clears_ok":0,"clears_fail":0,"restores_ok":0,"kernel_changed":0,"edges_sent":12,"write_fail":0,"discarded":11,"lease_expired":0,"rx_timeouts":0,"auth_rejected":0,"errors":0}
[HB] up=268s lease_ok=true handshake=true disarmed=false renew_age_ms=302 stat={"ioctl_calls":16,"target_hits":6,"clears_ok":0,"clears_fail":0,"restores_ok":0,"kernel_changed":0,"edges_sent":12,"write_fail":0,"discarded":11,"lease_expired":0,"rx_timeouts":0,"auth_rejected":0,"errors":0}
[HB] up=269s lease_ok=true handshake=true disarmed=false renew_age_ms=305 stat={"ioctl_calls":16,"target_hits":6,"clears_ok":0,"clears_fail":0,"restores_ok":0,"kernel_changed":0,"edges_sent":12,"write_fail":0,"discarded":11,"lease_expired":0,"rx_timeouts":0,"auth_rejected":0,"errors":0}
[RENEW] tick=60 state=ok
[HB] up=270s lease_ok=true handshake=true disarmed=false renew_age_ms=316 stat={"ioctl_calls":16,"target_hits":6,"clears_ok":0,"clears_fail":0,"restores_ok":0,"kernel_changed":0,"edges_sent":12,"write_fail":0,"discarded":11,"lease_expired":0,"rx_timeouts":0,"auth_rejected":0,"errors":0}
[HB] up=271s lease_ok=true handshake=true disarmed=false renew_age_ms=329 stat={"ioctl_calls":16,"target_hits":6,"clears_ok":0,"clears_fail":0,"restores_ok":0,"kernel_changed":0,"edges_sent":12,"write_fail":0,"discarded":11,"lease_expired":0,"rx_timeouts":0,"auth_rejected":0,"errors":0}
[HB] up=272s lease_ok=true handshake=true disarmed=false renew_age_ms=332 stat={"ioctl_calls":16,"target_hits":6,"clears_ok":0,"clears_fail":0,"restores_ok":0,"kernel_changed":0,"edges_sent":12,"write_fail":0,"discarded":11,"lease_expired":0,"rx_timeouts":0,"auth_rejected":0,"errors":0}
[HB] up=273s lease_ok=true handshake=true disarmed=false renew_age_ms=342 stat={"ioctl_calls":16,"target_hits":6,"clears_ok":0,"clears_fail":0,"restores_ok":0,"kernel_changed":0,"edges_sent":12,"write_fail":0,"discarded":11,"lease_expired":0,"rx_timeouts":0,"auth_rejected":0,"errors":0}
[HB] up=274s lease_ok=true handshake=true disarmed=false renew_age_ms=357 stat={"ioctl_calls":16,"target_hits":6,"clears_ok":0,"clears_fail":0,"restores_ok":0,"kernel_changed":0,"edges_sent":12,"write_fail":0,"discarded":11,"lease_expired":0,"rx_timeouts":0,"auth_rejected":0,"errors":0}
[RENEW] tick=70 state=ok
[HB] up=275s lease_ok=true handshake=true disarmed=false renew_age_ms=369 stat={"ioctl_calls":16,"target_hits":6,"clears_ok":0,"clears_fail":0,"restores_ok":0,"kernel_changed":0,"edges_sent":12,"write_fail":0,"discarded":11,"lease_expired":0,"rx_timeouts":0,"auth_rejected":0,"errors":0}
[HB] up=276s lease_ok=true handshake=true disarmed=false renew_age_ms=382 stat={"ioctl_calls":16,"target_hits":6,"clears_ok":0,"clears_fail":0,"restores_ok":0,"kernel_changed":0,"edges_sent":12,"write_fail":0,"discarded":11,"lease_expired":0,"rx_timeouts":0,"auth_rejected":0,"errors":0}
[HB] up=277s lease_ok=true handshake=true disarmed=false renew_age_ms=396 stat={"ioctl_calls":16,"target_hits":6,"clears_ok":0,"clears_fail":0,"restores_ok":0,"kernel_changed":0,"edges_sent":12,"write_fail":0,"discarded":11,"lease_expired":0,"rx_timeouts":0,"auth_rejected":0,"errors":0}
[HB] up=278s lease_ok=true handshake=true disarmed=false renew_age_ms=407 stat={"ioctl_calls":16,"target_hits":6,"clears_ok":0,"clears_fail":0,"restores_ok":0,"kernel_changed":0,"edges_sent":12,"write_fail":0,"discarded":11,"lease_expired":0,"rx_timeouts":0,"auth_rejected":0,"errors":0}
[HB] up=279s lease_ok=true handshake=true disarmed=false renew_age_ms=417 stat={"ioctl_calls":16,"target_hits":6,"clears_ok":0,"clears_fail":0,"restores_ok":0,"kernel_changed":0,"edges_sent":12,"write_fail":0,"discarded":11,"lease_expired":0,"rx_timeouts":0,"auth_rejected":0,"errors":0}
[RENEW] tick=80 state=ok
[HB] up=280s lease_ok=true handshake=true disarmed=false renew_age_ms=431 stat={"ioctl_calls":16,"target_hits":6,"clears_ok":0,"clears_fail":0,"restores_ok":0,"kernel_changed":0,"edges_sent":12,"write_fail":0,"discarded":11,"lease_expired":0,"rx_timeouts":0,"auth_rejected":0,"errors":0}

[SUMMARY] uptime_s=40 agent_lines=48 renews_sent=80 edges=6 distinct_buttons=|back|volume_down|volume_up authenticated_ever=true how=attached_existing_tap
[NOTE] 已向 agent 发送 disarm；agent 也会在租约到期后自行停止清键。
