=== gatt_probe mode=listen 开始 10:02:46.39 ===
地址来源: 注册表 [C0:5D:**:**:**:**]
已连接: name="小米蓝牙语音遥控器" id_masked
服务枚举成功: 9 个（cache=BluetoothCacheMode(1), 第 1 次尝试）

[服务] 00001801-0000-1000-8000-00805F9B34FB () 00001801-0000-1000-8000-00805F9B34FB
  特征数: 1
  [特征] 00002A05-0000-1000-8000-00805F9B34FB  props=indicate (0x20)
    [描述符] 00002902-0000-1000-8000-00805F9B34FB len=2 b=[02 00] ascii=".."

[服务] 00001800-0000-1000-8000-00805F9B34FB () 00001800-0000-1000-8000-00805F9B34FB
  特征数: 4
  [特征] 00002A00-0000-1000-8000-00805F9B34FB  props=read (0x02)
    [读取] len=28 b=[E5 B0 8F E7 B1 B3 E8 93 9D E7 89 99 E8 AF AD E9 9F B3 E9 81 A5 E6 8E A7 E5 99 A8 00]
  [特征] 00002A01-0000-1000-8000-00805F9B34FB  props=read (0x02)
    [读取] len=2 b=[C1 03]
  [特征] 00002A04-0000-1000-8000-00805F9B34FB  props=read (0x02)
    [读取] len=8 b=[10 00 10 00 31 00 58 02]
  [特征] 00002AA6-0000-1000-8000-00805F9B34FB  props=read (0x02)
    [读取] len=1 b=[00]

[服务] 0000180F-0000-1000-8000-00805F9B34FB (BATTERY) 0000180F-0000-1000-8000-00805F9B34FB
  特征数: 2
  [特征] 00002A19-0000-1000-8000-00805F9B34FB BATTERY_LEVEL props=read|notify (0x12)
    [描述符] 00002902-0000-1000-8000-00805F9B34FB len=2 b=[01 00] ascii=".."
    [读取] len=1 b=[1E]
  [特征] 00002BED-0000-1000-8000-00805F9B34FB  props=read|notify (0x12)
    [描述符] 00002902-0000-1000-8000-00805F9B34FB len=2 b=[01 00] ascii=".."
    [读取] len=3 b=[00 41 00]

[服务] 0000180A-0000-1000-8000-00805F9B34FB (DEVICE_INFO) 0000180A-0000-1000-8000-00805F9B34FB
  特征数: 9
  [特征] 00002A29-0000-1000-8000-00805F9B34FB  props=read (0x02)
    [读取] len=4 b=[4D 49 4F 4D]
  [特征] 00002A24-0000-1000-8000-00805F9B34FB  props=read (0x02)
    [读取] len=5 b=[52 43 30 30 33]
  [特征] 00002A25-0000-1000-8000-00805F9B34FB  props=read (0x02)
    [读取] len=6 b=[32 35 30 35 31 39]
  [特征] 00002A27-0000-1000-8000-00805F9B34FB  props=read (0x02)
    [读取] len=4 b=[56 32 2E 30]
  [特征] 00002A26-0000-1000-8000-00805F9B34FB  props=read (0x02)
    [读取] len=4 b=[32 36 37 31]
  [特征] 00002A28-0000-1000-8000-00805F9B34FB  props=read (0x02)
    [读取] len=7 b=[41 2E 37 2E 30 2E 36]
  [特征] 00002A23-0000-1000-8000-00805F9B34FB  props=read (0x02)
    [读取] len=8 b=[53 79 73 74 65 6D 49 44]
  [特征] 00002A2A-0000-1000-8000-00805F9B34FB  props=read (0x02)
    [读取] len=4 b=[49 45 45 45]
  [特征] 00002A50-0000-1000-8000-00805F9B34FB  props=read (0x02)
    [读取] len=7 b=[01 17 27 B8 32 A4 00]

[服务] 00001812-0000-1000-8000-00805F9B34FB (HID) 00001812-0000-1000-8000-00805F9B34FB
    特征枚举 status=GattCommunicationStatus(3) count=0（第 1 次）
    特征枚举 status=GattCommunicationStatus(3) count=0（第 2 次）
    特征枚举 status=GattCommunicationStatus(3) count=0（第 3 次）
    特征枚举 status=GattCommunicationStatus(3) count=0（第 4 次）
    特征枚举 status=GattCommunicationStatus(3) count=0（第 5 次）
    特征枚举 status=GattCommunicationStatus(3) count=0（第 6 次）
    特征枚举 status=GattCommunicationStatus(3) count=0（第 7 次）
    特征枚举 status=GattCommunicationStatus(3) count=0（第 8 次）
  特征数: 0

[服务] AB5E0001-5A21-4F05-BC7D-AF01F617B664 (ATVV) AB5E0001-5A21-4F05-BC7D-AF01F617B664
  特征数: 3
  [特征] AB5E0002-5A21-4F05-BC7D-AF01F617B664  props=write-nr|write (0x0C)
  [特征] AB5E0003-5A21-4F05-BC7D-AF01F617B664 ATVV_AUDIO props=notify (0x10)
    [描述符] 00002902-0000-1000-8000-00805F9B34FB len=2 b=[00 00] ascii=".."
  [特征] AB5E0004-5A21-4F05-BC7D-AF01F617B664 ATVV_CONTROL(阳性对照) props=notify (0x10)
    [描述符] 00002902-0000-1000-8000-00805F9B34FB len=2 b=[01 00] ascii=".."

[服务] 8A7A0001-2C42-C2A2-0F36-41928C259B78 (XIAOMI_8A7A0001) 8A7A0001-2C42-C2A2-0F36-41928C259B78
  特征数: 5
  [特征] 8A7A0101-2C42-C2A2-0F36-41928C259B78  props=write-nr (0x04)
  [特征] 8A7A0102-2C42-C2A2-0F36-41928C259B78  props=notify (0x10)
    [描述符] 00002902-0000-1000-8000-00805F9B34FB len=2 b=[00 00] ascii=".."
  [特征] 8A7A0103-2C42-C2A2-0F36-41928C259B78  props=notify (0x10)
    [描述符] 00002902-0000-1000-8000-00805F9B34FB len=2 b=[00 00] ascii=".."
  [特征] 8A7A0111-2C42-C2A2-0F36-41928C259B78  props=write-nr (0x04)
  [特征] 8A7A0112-2C42-C2A2-0F36-41928C259B78  props=notify (0x10)
    [描述符] 00002902-0000-1000-8000-00805F9B34FB len=2 b=[00 00] ascii=".."

[服务] 000001BF-0000-1000-8000-00805F9B34FB (VENDOR_01BF) 000001BF-0000-1000-8000-00805F9B34FB
  特征数: 1
  [特征] 00000001-0000-1000-8000-00805F9B34FB  props=write-nr (0x04)
    [描述符] 00002902-0000-1000-8000-00805F9B34FB len=2 b=[00 00] ascii=".."

[服务] 0000FE59-0000-1000-8000-00805F9B34FB () 0000FE59-0000-1000-8000-00805F9B34FB
  特征数: 5
  [特征] 8EC90001-F315-4F60-9FB8-838830DAEA50  props=write|notify (0x18)
    [描述符] 00002902-0000-1000-8000-00805F9B34FB len=2 b=[00 00] ascii=".."
  [特征] 8EC90002-F315-4F60-9FB8-838830DAEA50  props=write-nr (0x04)
  [特征] 00000003-0000-1000-8000-00805F9B34FB  props=read|write|notify (0x1A)
    [描述符] 00002902-0000-1000-8000-00805F9B34FB len=2 b=[00 00] ascii=".."
    [读取] len=10 b=[56 65 72 73 69 6F 6E 31 2E 30]
  [特征] 0000FF02-0000-1000-8000-00805F9B34FB  props=write-nr (0x04)
  [特征] 0000FF03-0000-1000-8000-00805F9B34FB  props=notify (0x10)
    [描述符] 00002902-0000-1000-8000-00805F9B34FB len=2 b=[00 00] ascii=".."

[第二轮] 用 DeviceInformation 选择器路径尝试 HID 服务（0x1812）:
    选择器命中接口数: 1
    FromIdAsync 失败（第 1 次）: Error { code: HRESULT(0x00000000), message: "操作成功完成。" }
    FromIdAsync 失败（第 2 次）: Error { code: HRESULT(0x00000000), message: "操作成功完成。" }
    FromIdAsync 失败（第 3 次）: Error { code: HRESULT(0x00000000), message: "操作成功完成。" }
    FromIdAsync 失败（第 4 次）: Error { code: HRESULT(0x00000000), message: "操作成功完成。" }
  HID 服务：选择器路径未取得服务对象

[可订阅目标] 共 10 个:
  - 00001801-0000-1000-8000-00805F9B34FB/00002A05-0000-1000-8000-00805F9B34FB
  - 0000180F-0000-1000-8000-00805F9B34FB/00002A19-0000-1000-8000-00805F9B34FB
  - 0000180F-0000-1000-8000-00805F9B34FB/00002BED-0000-1000-8000-00805F9B34FB
  - AB5E0001-5A21-4F05-BC7D-AF01F617B664/AB5E0004-5A21-4F05-BC7D-AF01F617B664
  - 8A7A0001-2C42-C2A2-0F36-41928C259B78/8A7A0102-2C42-C2A2-0F36-41928C259B78
  - 8A7A0001-2C42-C2A2-0F36-41928C259B78/8A7A0103-2C42-C2A2-0F36-41928C259B78
  - 8A7A0001-2C42-C2A2-0F36-41928C259B78/8A7A0112-2C42-C2A2-0F36-41928C259B78
  - 0000FE59-0000-1000-8000-00805F9B34FB/8EC90001-F315-4F60-9FB8-838830DAEA50
  - 0000FE59-0000-1000-8000-00805F9B34FB/00000003-0000-1000-8000-00805F9B34FB
  - 0000FE59-0000-1000-8000-00805F9B34FB/0000FF03-0000-1000-8000-00805F9B34FB
CCCD 写入失败: 00001801-0000-1000-8000-00805F9B34FB/00002A05-0000-1000-8000-00805F9B34FB status=None
订阅成功: 0000180F-0000-1000-8000-00805F9B34FB/00002A19-0000-1000-8000-00805F9B34FB
NOTIFY t=  0.569s 0000180F-0000-1000-8000-00805F9B34FB/00002A19-0000-1000-8000-00805F9B34FB len=1 b=[1E]
订阅成功: 0000180F-0000-1000-8000-00805F9B34FB/00002BED-0000-1000-8000-00805F9B34FB
NOTIFY t=  0.581s 0000180F-0000-1000-8000-00805F9B34FB/00002BED-0000-1000-8000-00805F9B34FB len=3 b=[00 41 00]
订阅成功: AB5E0001-5A21-4F05-BC7D-AF01F617B664/AB5E0004-5A21-4F05-BC7D-AF01F617B664
订阅成功: 8A7A0001-2C42-C2A2-0F36-41928C259B78/8A7A0102-2C42-C2A2-0F36-41928C259B78
订阅成功: 8A7A0001-2C42-C2A2-0F36-41928C259B78/8A7A0103-2C42-C2A2-0F36-41928C259B78
订阅成功: 8A7A0001-2C42-C2A2-0F36-41928C259B78/8A7A0112-2C42-C2A2-0F36-41928C259B78
订阅成功: 0000FE59-0000-1000-8000-00805F9B34FB/8EC90001-F315-4F60-9FB8-838830DAEA50
订阅成功: 0000FE59-0000-1000-8000-00805F9B34FB/00000003-0000-1000-8000-00805F9B34FB
订阅成功: 0000FE59-0000-1000-8000-00805F9B34FB/0000FF03-0000-1000-8000-00805F9B34FB

开始采集 240 秒。请严格按下面的节奏按键（每段之间留 3 秒以上空档）；
每段按键次数刻意各不相同，这样日志里的通知簇可唯一归因：
  静置约 30 秒（基线，过程中不要碰遥控器）
  第 1 段：按【返回】1 次
  第 2 段：按【音量+】2 次（每次间隔 3 秒）
  第 3 段：按【音量-】3 次（每次间隔 3 秒）
  第 4 段：按【方向/确定】各 2 次（预期 HID 通道，仅用于确认无副作用）
  第 5 段：按住【语音键】约 3 秒再松开（阳性对照，必须看到 ATVV_CONTROL 通知）
NOTIFY t= 64.682s 0000180F-0000-1000-8000-00805F9B34FB/00002A19-0000-1000-8000-00805F9B34FB len=1 b=[1E]
NOTIFY t= 92.971s 0000180F-0000-1000-8000-00805F9B34FB/00002A19-0000-1000-8000-00805F9B34FB len=1 b=[1D]
NOTIFY t=106.746s 0000180F-0000-1000-8000-00805F9B34FB/00002A19-0000-1000-8000-00805F9B34FB len=1 b=[1D]
=== 采集结束，用时 240.8s，订阅 9 个特征 ===
